[2026-06-03 12:27:39] [INFO] [logger.py:56]: Global pipeline logging initialized. Writing logs to: diagnostics_output\pipeline_run_20260603_122739.log
[2026-06-03 12:27:39] [INFO] [run_pipeline.py:73]: Loading framework raw pipeline splits...
[2026-06-03 12:27:39] [INFO] [run_pipeline.py:87]: [Preprocessing] Applying Multivariable Fourier Feature Expansion (Frequencies: 4)...
[2026-06-03 12:27:39] [INFO] [run_pipeline.py:104]: ==================================================
[2026-06-03 12:27:39] [INFO] [run_pipeline.py:105]:           DATASTREAM TARGET MATRIX PROFILE
[2026-06-03 12:27:39] [INFO] [run_pipeline.py:106]: ==================================================
[2026-06-03 12:27:39] [INFO] [run_pipeline.py:107]: Unique target element footprint: [-1.39932355 -1.32111065 -1.28654306 ...  2.59100731  2.59285461
  2.62888803]
[2026-06-03 12:27:39] [INFO] [run_pipeline.py:108]: Target underlying array data type: float64
[2026-06-03 12:27:39] [INFO] [run_pipeline.py:109]: Target structural matrix shape  : (1800, 1)
[2026-06-03 12:27:39] [INFO] [run_pipeline.py:110]: ==================================================
[2026-06-03 12:27:39] [INFO] [run_pipeline.py:113]: ==================================================
[2026-06-03 12:27:39] [INFO] [run_pipeline.py:114]:           INPUT FEATURE SCALE PROFILE
[2026-06-03 12:27:39] [INFO] [run_pipeline.py:115]: ==================================================
[2026-06-03 12:27:39] [INFO] [run_pipeline.py:116]: X_train Min bounds: [ 0.00176798  0.50056226  0.01290586 -0.75666282  0.4799189  -0.99999324
 -0.99999998 -0.80111866 -0.99999429 -0.99999615 -1.         -0.99999615
 -0.99999887 -0.99999987 -0.99999883 -0.99999192 -0.99999057 -0.99999595
 -0.9999978  -0.99999998 -0.99999837 -0.99999849 -0.99999967 -0.99998851
 -0.99999282 -0.99999603 -0.99998991]
[2026-06-03 12:27:39] [INFO] [run_pipeline.py:117]: X_train Max bounds: [3.99978634 2.4999583  6.28060783 0.99999972 0.99999997 0.99999971
 0.99999844 0.87731286 0.99999668 0.99999945 0.99999746 0.99999959
 0.9999999  0.53935571 0.99998671 0.99999821 0.99999901 0.99999748
 0.99999961 0.9999995  0.99999531 0.99999956 1.         0.99999855
 0.99999844 0.99999993 0.99999349]
[2026-06-03 12:27:39] [INFO] [run_pipeline.py:118]: X_train Mean vector: [ 2.02397517e+00  1.50168184e+00  3.18646039e+00  4.21447424e-01
  8.34229198e-01 -2.04861718e-02 -2.14950226e-01  5.76634106e-02
  1.22689361e-02  1.10556103e-01  6.00798640e-02  1.32484911e-02
  1.21653135e-01 -4.34305697e-01 -1.87367106e-02  1.25459360e-01
  5.28482878e-02 -3.34734616e-02 -9.84443537e-03 -1.99058500e-01
 -1.28384200e-02  1.86613818e-02 -7.73563451e-02 -9.72847804e-04
 -5.86214124e-03  1.11439561e-01 -1.26365967e-02]
[2026-06-03 12:27:39] [INFO] [run_pipeline.py:119]: ==================================================
[2026-06-03 12:27:39] [INFO] [controller.py:65]: [Model Controller] Cold start execution path selected. Computing network topology layers...
[2026-06-03 12:27:39] [INFO] [controller.py:87]: [Model Controller] Resolved Layer Architecture Sequence: (27, 512, 256, 128, 64, 1)
[2026-06-03 12:27:39] [INFO] [model_factory.py:47]: [Factory] Initializing model block structure 'regression' via dynamic registry pass.
[2026-06-03 12:27:39] [INFO] [controller.py:138]: [Model Controller] Patched Adam state: Tracking vectors cleared for new execution pass.
[2026-06-03 12:27:39] [INFO] [controller.py:140]: [Model Controller] Running optimization loops for 400 epochs...
[2026-06-03 12:27:39] [INFO] [base_network.py:128]: [ENGINE TRACE] Hidden Input Shape: (8, 27) | Max: 2.0566 | Min: -2.3372 | Mean: -0.0451
[2026-06-03 12:27:39] [INFO] [base_network.py:144]: [ENGINE TRACE] Layer 0 Pre-Activation (z) -> Max: 1.0618 | Min: -1.1085 | Mean: -0.0036
[2026-06-03 12:27:39] [INFO] [base_network.py:145]: [ENGINE TRACE] Layer 0 Post-Activation (a) -> Max: 1.0618 | Min: -0.0111 | Mean: 0.1234
[2026-06-03 12:27:39] [INFO] [base_network.py:144]: [ENGINE TRACE] Layer 1 Pre-Activation (z) -> Max: 1.0420 | Min: -0.9890 | Mean: 0.0086
[2026-06-03 12:27:39] [INFO] [base_network.py:145]: [ENGINE TRACE] Layer 1 Post-Activation (a) -> Max: 1.0420 | Min: -0.0099 | Mean: 0.1055
[2026-06-03 12:27:39] [INFO] [base_network.py:144]: [ENGINE TRACE] Layer 2 Pre-Activation (z) -> Max: 0.7801 | Min: -0.6368 | Mean: 0.0334
[2026-06-03 12:27:39] [INFO] [base_network.py:145]: [ENGINE TRACE] Layer 2 Post-Activation (a) -> Max: 0.7801 | Min: -0.0064 | Mean: 0.1100
[2026-06-03 12:27:39] [INFO] [base_network.py:144]: [ENGINE TRACE] Layer 3 Pre-Activation (z) -> Max: 0.5366 | Min: -0.7976 | Mean: -0.0156
[2026-06-03 12:27:39] [INFO] [base_network.py:145]: [ENGINE TRACE] Layer 3 Post-Activation (a) -> Max: 0.5366 | Min: -0.0080 | Mean: 0.0726
[2026-06-03 12:27:39] [INFO] [base_network.py:166]: [ENGINE TRACE] Final Out Pre-Activation (z_out) Shape: (8, 1) | Max: -0.0189 | Min: -0.3286
[2026-06-03 12:27:39] [INFO] [base_network.py:167]: [ENGINE TRACE] Final Out Activation Layer (output) Shape: (8, 1) | Max: -0.0189 | Min: -0.3286 | Mean: -0.1723
[2026-06-03 12:27:39] [INFO] [optimizers.py:29]: [OPTIMIZER TRACE] Running Adam setup allocation pass...
[2026-06-03 12:27:39] [INFO] [optimizers.py:30]: [OPTIMIZER TRACE] Gammas parameter passed to setup: <class 'NoneType'> | Betas: <class 'NoneType'>
[2026-06-03 12:27:39] [INFO] [optimizers.py:58]: ============================================================
[2026-06-03 12:27:39] [INFO] [optimizers.py:59]:    OPTIMIZER STEP 1 CONSOLE TELEMETRY
[2026-06-03 12:27:39] [INFO] [optimizers.py:60]: ============================================================
[2026-06-03 12:27:39] [INFO] [optimizers.py:61]: [OPTIMIZER TRACE] Active Learning Rate: 0.001000 | L2 Regularization Parameter: 0.00025
[2026-06-03 12:27:39] [INFO] [optimizers.py:62]: [OPTIMIZER TRACE] Incoming Core Weights Layers Count: 5
[2026-06-03 12:27:39] [INFO] [optimizers.py:63]: [OPTIMIZER TRACE] Incoming Gammas: <class 'NoneType'> | Grad Gammas: <class 'NoneType'>
[2026-06-03 12:27:39] [INFO] [optimizers.py:64]: [OPTIMIZER TRACE] Incoming Betas: <class 'NoneType'> | Grad Betas: <class 'NoneType'>
[2026-06-03 12:27:39] [INFO] [optimizers.py:89]: [OPTIMIZER TRACE] Layer 0 Input Grad Weights Norm: 1.174205 | Grad Biases Norm: 0.188654
[2026-06-03 12:27:39] [INFO] [optimizers.py:90]: [OPTIMIZER TRACE] Layer 0 Computed Adam Step Weight Norm: 0.117574 | Step Bias Norm: 0.022627
[2026-06-03 12:27:39] [INFO] [optimizers.py:89]: [OPTIMIZER TRACE] Layer 1 Input Grad Weights Norm: 1.371329 | Grad Biases Norm: 0.214746
[2026-06-03 12:27:39] [INFO] [optimizers.py:90]: [OPTIMIZER TRACE] Layer 1 Computed Adam Step Weight Norm: 0.361901 | Step Bias Norm: 0.016000
[2026-06-03 12:27:39] [INFO] [optimizers.py:89]: [OPTIMIZER TRACE] Layer 2 Input Grad Weights Norm: 0.862099 | Grad Biases Norm: 0.212189
[2026-06-03 12:27:39] [INFO] [optimizers.py:90]: [OPTIMIZER TRACE] Layer 2 Computed Adam Step Weight Norm: 0.180860 | Step Bias Norm: 0.011313
[2026-06-03 12:27:39] [INFO] [optimizers.py:89]: [OPTIMIZER TRACE] Layer 3 Input Grad Weights Norm: 0.564760 | Grad Biases Norm: 0.202414
[2026-06-03 12:27:39] [INFO] [optimizers.py:90]: [OPTIMIZER TRACE] Layer 3 Computed Adam Step Weight Norm: 0.090204 | Step Bias Norm: 0.007999
[2026-06-03 12:27:39] [INFO] [optimizers.py:89]: [OPTIMIZER TRACE] Layer 4 Input Grad Weights Norm: 0.230993 | Grad Biases Norm: 0.141656
[2026-06-03 12:27:39] [INFO] [optimizers.py:90]: [OPTIMIZER TRACE] Layer 4 Computed Adam Step Weight Norm: 0.008000 | Step Bias Norm: 0.001000
[2026-06-03 12:27:39] [INFO] [optimizers.py:113]: [OPTIMIZER TRACE] Gamma block skipped. (Either gammas or grad_gammas is None)
[2026-06-03 12:27:39] [INFO] [optimizers.py:131]: [OPTIMIZER TRACE] Beta block skipped. (Either betas or grad_betas is None)
[2026-06-03 12:27:39] [INFO] [optimizers.py:132]: ============================================================
[2026-06-03 12:27:42] [INFO] [controller.py:187]: Epoch   0/400 | Train Loss: 0.121367 | Val Loss: 0.120406 | Active LR: 0.001000
[2026-06-03 12:28:05] [INFO] [controller.py:187]: Epoch  10/400 | Train Loss: 0.036398 | Val Loss: 0.068300 | Active LR: 0.000951
[2026-06-03 12:28:28] [INFO] [controller.py:187]: Epoch  20/400 | Train Loss: 0.025601 | Val Loss: 0.079890 | Active LR: 0.000905
[2026-06-03 12:28:51] [INFO] [controller.py:187]: Epoch  30/400 | Train Loss: 0.014821 | Val Loss: 0.073713 | Active LR: 0.000860
[2026-06-03 12:29:14] [INFO] [controller.py:187]: Epoch  40/400 | Train Loss: 0.008460 | Val Loss: 0.070113 | Active LR: 0.000818
[2026-06-03 12:29:37] [INFO] [controller.py:187]: Epoch  50/400 | Train Loss: 0.006429 | Val Loss: 0.062098 | Active LR: 0.000778
[2026-06-03 12:30:00] [INFO] [controller.py:187]: Epoch  60/400 | Train Loss: 0.006246 | Val Loss: 0.065384 | Active LR: 0.000740
[2026-06-03 12:30:23] [INFO] [controller.py:187]: Epoch  70/400 | Train Loss: 0.005742 | Val Loss: 0.067978 | Active LR: 0.000704
[2026-06-03 12:30:46] [INFO] [controller.py:187]: Epoch  80/400 | Train Loss: 0.004509 | Val Loss: 0.059840 | Active LR: 0.000670
[2026-06-03 12:31:10] [INFO] [controller.py:187]: Epoch  90/400 | Train Loss: 0.003598 | Val Loss: 0.067664 | Active LR: 0.000637
[2026-06-03 12:31:34] [INFO] [controller.py:187]: Epoch 100/400 | Train Loss: 0.004339 | Val Loss: 0.069738 | Active LR: 0.000606
[2026-06-03 12:32:02] [INFO] [controller.py:187]: Epoch 110/400 | Train Loss: 0.003323 | Val Loss: 0.064989 | Active LR: 0.000576
[2026-06-03 12:32:31] [INFO] [controller.py:187]: Epoch 120/400 | Train Loss: 0.002225 | Val Loss: 0.066696 | Active LR: 0.000548
[2026-06-03 12:32:31] [INFO] [controller.py:199]: [Early Stopping] Validation divergence detected. Loss has failed to improve for 40 sequential epochs.
[2026-06-03 12:32:31] [INFO] [controller.py:200]: [Early Stopping] Halting optimization process at epoch 120. Restoring best checkpoint parameters (Val Loss: 0.059840).
[2026-06-03 12:32:31] [INFO] [controller.py:205]: [Model Controller] Training sequence completed. Triggering data serialization...
[2026-06-03 12:32:31] [INFO] [controller.py:212]: [Model Controller] Cold-start / Tuning detected. Skipping disk write.
[2026-06-03 12:32:31] [INFO] [run_pipeline.py:36]: Dispatching data metrics to diagnostics manager...
