[2026-06-03 12:24:10] [INFO] [logger.py:56]: Global pipeline logging initialized. Writing logs to: diagnostics_output\pipeline_run_20260603_122410.log
[2026-06-03 12:24:10] [INFO] [run_pipeline.py:73]: Loading framework raw pipeline splits...
[2026-06-03 12:24:11] [INFO] [run_pipeline.py:87]: [Preprocessing] Applying Multivariable Fourier Feature Expansion (Frequencies: 4)...
[2026-06-03 12:24:11] [INFO] [run_pipeline.py:104]: ==================================================
[2026-06-03 12:24:11] [INFO] [run_pipeline.py:105]:           DATASTREAM TARGET MATRIX PROFILE
[2026-06-03 12:24:11] [INFO] [run_pipeline.py:106]: ==================================================
[2026-06-03 12:24:11] [INFO] [run_pipeline.py:107]: Unique target element footprint: [-1.39932355 -1.32111065 -1.28654306 ...  2.59100731  2.59285461
  2.62888803]
[2026-06-03 12:24:11] [INFO] [run_pipeline.py:108]: Target underlying array data type: float64
[2026-06-03 12:24:11] [INFO] [run_pipeline.py:109]: Target structural matrix shape  : (1800, 1)
[2026-06-03 12:24:11] [INFO] [run_pipeline.py:110]: ==================================================
[2026-06-03 12:24:11] [INFO] [run_pipeline.py:113]: ==================================================
[2026-06-03 12:24:11] [INFO] [run_pipeline.py:114]:           INPUT FEATURE SCALE PROFILE
[2026-06-03 12:24:11] [INFO] [run_pipeline.py:115]: ==================================================
[2026-06-03 12:24:11] [INFO] [run_pipeline.py:116]: X_train Min bounds: [ 0.00176798  0.50056226  0.01290586 -0.75666282  0.4799189  -0.99999324
 -0.99999998 -0.80111866 -0.99999429 -0.99999615 -1.         -0.99999615
 -0.99999887 -0.99999987 -0.99999883 -0.99999192 -0.99999057 -0.99999595
 -0.9999978  -0.99999998 -0.99999837 -0.99999849 -0.99999967 -0.99998851
 -0.99999282 -0.99999603 -0.99998991]
[2026-06-03 12:24:11] [INFO] [run_pipeline.py:117]: X_train Max bounds: [3.99978634 2.4999583  6.28060783 0.99999972 0.99999997 0.99999971
 0.99999844 0.87731286 0.99999668 0.99999945 0.99999746 0.99999959
 0.9999999  0.53935571 0.99998671 0.99999821 0.99999901 0.99999748
 0.99999961 0.9999995  0.99999531 0.99999956 1.         0.99999855
 0.99999844 0.99999993 0.99999349]
[2026-06-03 12:24:11] [INFO] [run_pipeline.py:118]: X_train Mean vector: [ 2.02397517e+00  1.50168184e+00  3.18646039e+00  4.21447424e-01
  8.34229198e-01 -2.04861718e-02 -2.14950226e-01  5.76634106e-02
  1.22689361e-02  1.10556103e-01  6.00798640e-02  1.32484911e-02
  1.21653135e-01 -4.34305697e-01 -1.87367106e-02  1.25459360e-01
  5.28482878e-02 -3.34734616e-02 -9.84443537e-03 -1.99058500e-01
 -1.28384200e-02  1.86613818e-02 -7.73563451e-02 -9.72847804e-04
 -5.86214124e-03  1.11439561e-01 -1.26365967e-02]
[2026-06-03 12:24:11] [INFO] [run_pipeline.py:119]: ==================================================
[2026-06-03 12:24:11] [INFO] [controller.py:65]: [Model Controller] Cold start execution path selected. Computing network topology layers...
[2026-06-03 12:24:11] [INFO] [controller.py:87]: [Model Controller] Resolved Layer Architecture Sequence: (27, 512, 256, 128, 64, 1)
[2026-06-03 12:24:11] [INFO] [model_factory.py:47]: [Factory] Initializing model block structure 'regression' via dynamic registry pass.
[2026-06-03 12:24:11] [INFO] [controller.py:138]: [Model Controller] Patched Adam state: Tracking vectors cleared for new execution pass.
[2026-06-03 12:24:11] [INFO] [controller.py:140]: [Model Controller] Running optimization loops for 400 epochs...
[2026-06-03 12:24:11] [INFO] [controller.py:149]: === DIAGNOSTIC PROBE EPOCH 0 ===
[2026-06-03 12:24:11] [INFO] [controller.py:150]: [PROBE] X_train_norm shape: (1800, 27) | Mean: 0.0000 | Std: 1.0000
[2026-06-03 12:24:11] [INFO] [controller.py:151]: [PROBE] X_val_norm shape:   (600, 27) | Mean: 0.0036 | Std: 1.0002
[2026-06-03 12:24:11] [INFO] [controller.py:155]: [PROBE] Max feature mean divergence between splits: 0.1005
[2026-06-03 12:24:11] [INFO] [base_network.py:128]: [ENGINE TRACE] Hidden Input Shape: (600, 27) | Max: 2.1090 | Min: -2.4221 | Mean: 0.0036
[2026-06-03 12:24:11] [INFO] [base_network.py:144]: [ENGINE TRACE] Layer 0 Pre-Activation (z) -> Max: 1.3007 | Min: -1.4016 | Mean: -0.0011
[2026-06-03 12:24:11] [INFO] [base_network.py:145]: [ENGINE TRACE] Layer 0 Post-Activation (a) -> Max: 1.3007 | Min: -0.0140 | Mean: 0.1244
[2026-06-03 12:24:11] [INFO] [base_network.py:144]: [ENGINE TRACE] Layer 1 Pre-Activation (z) -> Max: 1.4586 | Min: -1.2017 | Mean: 0.0027
[2026-06-03 12:24:11] [INFO] [base_network.py:145]: [ENGINE TRACE] Layer 1 Post-Activation (a) -> Max: 1.4586 | Min: -0.0120 | Mean: 0.0989
[2026-06-03 12:24:11] [INFO] [base_network.py:144]: [ENGINE TRACE] Layer 2 Pre-Activation (z) -> Max: 0.9482 | Min: -0.8740 | Mean: 0.0288
[2026-06-03 12:24:11] [INFO] [base_network.py:145]: [ENGINE TRACE] Layer 2 Post-Activation (a) -> Max: 0.9482 | Min: -0.0087 | Mean: 0.0991
[2026-06-03 12:24:11] [INFO] [base_network.py:144]: [ENGINE TRACE] Layer 3 Pre-Activation (z) -> Max: 0.7660 | Min: -1.0350 | Mean: -0.0143
[2026-06-03 12:24:11] [INFO] [base_network.py:145]: [ENGINE TRACE] Layer 3 Post-Activation (a) -> Max: 0.7660 | Min: -0.0104 | Mean: 0.0668
[2026-06-03 12:24:11] [INFO] [base_network.py:166]: [ENGINE TRACE] Final Out Pre-Activation (z_out) Shape: (600, 1) | Max: 0.0835 | Min: -0.4139
[2026-06-03 12:24:11] [INFO] [base_network.py:167]: [ENGINE TRACE] Final Out Activation Layer (output) Shape: (600, 1) | Max: 0.0835 | Min: -0.4139 | Mean: -0.1664
[2026-06-03 12:24:11] [INFO] [controller.py:159]: [PROBE] Validation Predictions - Min: -0.4139 | Max: 0.0835 | Mean: -0.1664
[2026-06-03 12:24:11] [INFO] [controller.py:163]: [PROBE] Top 5 Max Absolute Residual Errors: [2.28853385 2.34386064 2.4052405  2.48736868 2.55425759]
[2026-06-03 12:24:11] [INFO] [controller.py:169]: [PROBE] Trimmed Validation Loss (No Outliers): 0.213850
[2026-06-03 12:24:11] [INFO] [controller.py:172]: [PROBE] Validation Targets     - Min: -2.0469 | Max: 2.1719 | Mean: 0.0206
[2026-06-03 12:24:11] [INFO] [base_network.py:128]: [ENGINE TRACE] Hidden Input Shape: (120, 27) | Max: 2.0566 | Min: -2.3372 | Mean: 0.0157
[2026-06-03 12:24:11] [INFO] [base_network.py:144]: [ENGINE TRACE] Layer 0 Pre-Activation (z) -> Max: 1.2565 | Min: -1.2979 | Mean: -0.0012
[2026-06-03 12:24:11] [INFO] [base_network.py:145]: [ENGINE TRACE] Layer 0 Post-Activation (a) -> Max: 1.2565 | Min: -0.0130 | Mean: 0.1236
[2026-06-03 12:24:11] [INFO] [base_network.py:144]: [ENGINE TRACE] Layer 1 Pre-Activation (z) -> Max: 1.0479 | Min: -1.1448 | Mean: 0.0028
[2026-06-03 12:24:11] [INFO] [base_network.py:145]: [ENGINE TRACE] Layer 1 Post-Activation (a) -> Max: 1.0479 | Min: -0.0114 | Mean: 0.1012
[2026-06-03 12:24:11] [INFO] [base_network.py:144]: [ENGINE TRACE] Layer 2 Pre-Activation (z) -> Max: 0.8590 | Min: -0.7742 | Mean: 0.0278
[2026-06-03 12:24:11] [INFO] [base_network.py:145]: [ENGINE TRACE] Layer 2 Post-Activation (a) -> Max: 0.8590 | Min: -0.0077 | Mean: 0.1036
[2026-06-03 12:24:11] [INFO] [base_network.py:144]: [ENGINE TRACE] Layer 3 Pre-Activation (z) -> Max: 0.6583 | Min: -1.0004 | Mean: -0.0171
[2026-06-03 12:24:11] [INFO] [base_network.py:145]: [ENGINE TRACE] Layer 3 Post-Activation (a) -> Max: 0.6583 | Min: -0.0100 | Mean: 0.0711
[2026-06-03 12:24:11] [INFO] [base_network.py:166]: [ENGINE TRACE] Final Out Pre-Activation (z_out) Shape: (120, 1) | Max: 0.0655 | Min: -0.4376
[2026-06-03 12:24:11] [INFO] [base_network.py:167]: [ENGINE TRACE] Final Out Activation Layer (output) Shape: (120, 1) | Max: 0.0655 | Min: -0.4376 | Mean: -0.1816
[2026-06-03 12:24:11] [INFO] [optimizers.py:29]: [OPTIMIZER TRACE] Running Adam setup allocation pass...
[2026-06-03 12:24:11] [INFO] [optimizers.py:30]: [OPTIMIZER TRACE] Gammas parameter passed to setup: <class 'NoneType'> | Betas: <class 'NoneType'>
[2026-06-03 12:24:11] [INFO] [optimizers.py:58]: ============================================================
[2026-06-03 12:24:11] [INFO] [optimizers.py:59]:    OPTIMIZER STEP 1 CONSOLE TELEMETRY
[2026-06-03 12:24:11] [INFO] [optimizers.py:60]: ============================================================
[2026-06-03 12:24:11] [INFO] [optimizers.py:61]: [OPTIMIZER TRACE] Active Learning Rate: 0.001000 | L2 Regularization Parameter: 0.00025
[2026-06-03 12:24:11] [INFO] [optimizers.py:62]: [OPTIMIZER TRACE] Incoming Core Weights Layers Count: 5
[2026-06-03 12:24:11] [INFO] [optimizers.py:63]: [OPTIMIZER TRACE] Incoming Gammas: <class 'NoneType'> | Grad Gammas: <class 'NoneType'>
[2026-06-03 12:24:11] [INFO] [optimizers.py:64]: [OPTIMIZER TRACE] Incoming Betas: <class 'NoneType'> | Grad Betas: <class 'NoneType'>
[2026-06-03 12:24:11] [INFO] [optimizers.py:89]: [OPTIMIZER TRACE] Layer 0 Input Grad Weights Norm: 0.417083 | Grad Biases Norm: 0.099532
[2026-06-03 12:24:11] [INFO] [optimizers.py:90]: [OPTIMIZER TRACE] Layer 0 Computed Adam Step Weight Norm: 0.117573 | Step Bias Norm: 0.022625
[2026-06-03 12:24:11] [INFO] [optimizers.py:89]: [OPTIMIZER TRACE] Layer 1 Input Grad Weights Norm: 0.573569 | Grad Biases Norm: 0.126147
[2026-06-03 12:24:11] [INFO] [optimizers.py:90]: [OPTIMIZER TRACE] Layer 1 Computed Adam Step Weight Norm: 0.361985 | Step Bias Norm: 0.016000
[2026-06-03 12:24:11] [INFO] [optimizers.py:89]: [OPTIMIZER TRACE] Layer 2 Input Grad Weights Norm: 0.424355 | Grad Biases Norm: 0.167655
[2026-06-03 12:24:11] [INFO] [optimizers.py:90]: [OPTIMIZER TRACE] Layer 2 Computed Adam Step Weight Norm: 0.180978 | Step Bias Norm: 0.011314
[2026-06-03 12:24:11] [INFO] [optimizers.py:89]: [OPTIMIZER TRACE] Layer 3 Input Grad Weights Norm: 0.373836 | Grad Biases Norm: 0.209772
[2026-06-03 12:24:11] [INFO] [optimizers.py:90]: [OPTIMIZER TRACE] Layer 3 Computed Adam Step Weight Norm: 0.090377 | Step Bias Norm: 0.008000
[2026-06-03 12:24:11] [INFO] [optimizers.py:89]: [OPTIMIZER TRACE] Layer 4 Input Grad Weights Norm: 0.271348 | Grad Biases Norm: 0.304194
[2026-06-03 12:24:11] [INFO] [optimizers.py:90]: [OPTIMIZER TRACE] Layer 4 Computed Adam Step Weight Norm: 0.008000 | Step Bias Norm: 0.001000
[2026-06-03 12:24:11] [INFO] [optimizers.py:113]: [OPTIMIZER TRACE] Gamma block skipped. (Either gammas or grad_gammas is None)
[2026-06-03 12:24:11] [INFO] [optimizers.py:131]: [OPTIMIZER TRACE] Beta block skipped. (Either betas or grad_betas is None)
[2026-06-03 12:24:11] [INFO] [optimizers.py:132]: ============================================================
[2026-06-03 12:24:11] [INFO] [controller.py:187]: Epoch   0/400 | Train Loss: 0.136584 | Val Loss: 0.130271 | Active LR: 0.001000
[2026-06-03 12:24:17] [INFO] [controller.py:149]: === DIAGNOSTIC PROBE EPOCH 10 ===
[2026-06-03 12:24:17] [INFO] [controller.py:150]: [PROBE] X_train_norm shape: (1800, 27) | Mean: 0.0000 | Std: 1.0000
[2026-06-03 12:24:17] [INFO] [controller.py:151]: [PROBE] X_val_norm shape:   (600, 27) | Mean: 0.0036 | Std: 1.0002
[2026-06-03 12:24:17] [INFO] [controller.py:155]: [PROBE] Max feature mean divergence between splits: 0.1005
[2026-06-03 12:24:17] [INFO] [controller.py:159]: [PROBE] Validation Predictions - Min: -1.3165 | Max: 1.8687 | Mean: 0.0353
[2026-06-03 12:24:17] [INFO] [controller.py:163]: [PROBE] Top 5 Max Absolute Residual Errors: [1.37817667 1.4744085  1.47751798 1.59194456 2.12953669]
[2026-06-03 12:24:17] [INFO] [controller.py:169]: [PROBE] Trimmed Validation Loss (No Outliers): 0.133086
[2026-06-03 12:24:17] [INFO] [controller.py:172]: [PROBE] Validation Targets     - Min: -2.0469 | Max: 2.1719 | Mean: 0.0206
[2026-06-03 12:24:18] [INFO] [controller.py:187]: Epoch  10/400 | Train Loss: 0.039649 | Val Loss: 0.086652 | Active LR: 0.000951
[2026-06-03 12:24:22] [INFO] [controller.py:149]: === DIAGNOSTIC PROBE EPOCH 20 ===
[2026-06-03 12:24:22] [INFO] [controller.py:150]: [PROBE] X_train_norm shape: (1800, 27) | Mean: 0.0000 | Std: 1.0000
[2026-06-03 12:24:22] [INFO] [controller.py:151]: [PROBE] X_val_norm shape:   (600, 27) | Mean: 0.0036 | Std: 1.0002
[2026-06-03 12:24:22] [INFO] [controller.py:155]: [PROBE] Max feature mean divergence between splits: 0.1005
[2026-06-03 12:24:22] [INFO] [controller.py:159]: [PROBE] Validation Predictions - Min: -1.6434 | Max: 2.0835 | Mean: 0.0704
[2026-06-03 12:24:22] [INFO] [controller.py:163]: [PROBE] Top 5 Max Absolute Residual Errors: [1.38001408 1.39012736 1.54921102 1.63343987 2.34562793]
[2026-06-03 12:24:22] [INFO] [controller.py:169]: [PROBE] Trimmed Validation Loss (No Outliers): 0.117000
[2026-06-03 12:24:22] [INFO] [controller.py:172]: [PROBE] Validation Targets     - Min: -2.0469 | Max: 2.1719 | Mean: 0.0206
[2026-06-03 12:24:23] [INFO] [controller.py:187]: Epoch  20/400 | Train Loss: 0.019500 | Val Loss: 0.085748 | Active LR: 0.000905
[2026-06-03 12:24:28] [INFO] [controller.py:149]: === DIAGNOSTIC PROBE EPOCH 30 ===
[2026-06-03 12:24:28] [INFO] [controller.py:150]: [PROBE] X_train_norm shape: (1800, 27) | Mean: 0.0000 | Std: 1.0000
[2026-06-03 12:24:28] [INFO] [controller.py:151]: [PROBE] X_val_norm shape:   (600, 27) | Mean: 0.0036 | Std: 1.0002
[2026-06-03 12:24:28] [INFO] [controller.py:155]: [PROBE] Max feature mean divergence between splits: 0.1005
[2026-06-03 12:24:28] [INFO] [controller.py:159]: [PROBE] Validation Predictions - Min: -1.3664 | Max: 2.3568 | Mean: 0.0854
[2026-06-03 12:24:28] [INFO] [controller.py:163]: [PROBE] Top 5 Max Absolute Residual Errors: [1.51429754 1.55126272 1.74582082 1.76452369 2.33166679]
[2026-06-03 12:24:28] [INFO] [controller.py:169]: [PROBE] Trimmed Validation Loss (No Outliers): 0.108046
[2026-06-03 12:24:28] [INFO] [controller.py:172]: [PROBE] Validation Targets     - Min: -2.0469 | Max: 2.1719 | Mean: 0.0206
[2026-06-03 12:24:29] [INFO] [controller.py:187]: Epoch  30/400 | Train Loss: 0.011969 | Val Loss: 0.078327 | Active LR: 0.000860
[2026-06-03 12:24:34] [INFO] [controller.py:149]: === DIAGNOSTIC PROBE EPOCH 40 ===
[2026-06-03 12:24:34] [INFO] [controller.py:150]: [PROBE] X_train_norm shape: (1800, 27) | Mean: 0.0000 | Std: 1.0000
[2026-06-03 12:24:34] [INFO] [controller.py:151]: [PROBE] X_val_norm shape:   (600, 27) | Mean: 0.0036 | Std: 1.0002
[2026-06-03 12:24:34] [INFO] [controller.py:155]: [PROBE] Max feature mean divergence between splits: 0.1005
[2026-06-03 12:24:34] [INFO] [controller.py:159]: [PROBE] Validation Predictions - Min: -1.8678 | Max: 1.9486 | Mean: -0.0113
[2026-06-03 12:24:34] [INFO] [controller.py:163]: [PROBE] Top 5 Max Absolute Residual Errors: [1.41484621 1.46617841 1.9414734  2.09661003 2.81598931]
[2026-06-03 12:24:34] [INFO] [controller.py:169]: [PROBE] Trimmed Validation Loss (No Outliers): 0.107701
[2026-06-03 12:24:34] [INFO] [controller.py:172]: [PROBE] Validation Targets     - Min: -2.0469 | Max: 2.1719 | Mean: 0.0206
[2026-06-03 12:24:36] [INFO] [controller.py:187]: Epoch  40/400 | Train Loss: 0.007973 | Val Loss: 0.078565 | Active LR: 0.000818
[2026-06-03 12:24:40] [INFO] [controller.py:149]: === DIAGNOSTIC PROBE EPOCH 50 ===
[2026-06-03 12:24:40] [INFO] [controller.py:150]: [PROBE] X_train_norm shape: (1800, 27) | Mean: 0.0000 | Std: 1.0000
[2026-06-03 12:24:40] [INFO] [controller.py:151]: [PROBE] X_val_norm shape:   (600, 27) | Mean: 0.0036 | Std: 1.0002
[2026-06-03 12:24:40] [INFO] [controller.py:155]: [PROBE] Max feature mean divergence between splits: 0.1005
[2026-06-03 12:24:40] [INFO] [controller.py:159]: [PROBE] Validation Predictions - Min: -2.0215 | Max: 2.0365 | Mean: -0.0106
[2026-06-03 12:24:40] [INFO] [controller.py:163]: [PROBE] Top 5 Max Absolute Residual Errors: [1.41188901 1.51200956 1.81266257 2.07458472 2.60296737]
[2026-06-03 12:24:40] [INFO] [controller.py:169]: [PROBE] Trimmed Validation Loss (No Outliers): 0.104870
[2026-06-03 12:24:40] [INFO] [controller.py:172]: [PROBE] Validation Targets     - Min: -2.0469 | Max: 2.1719 | Mean: 0.0206
[2026-06-03 12:24:41] [INFO] [controller.py:187]: Epoch  50/400 | Train Loss: 0.006190 | Val Loss: 0.079767 | Active LR: 0.000778
