[2026-06-03 12:50:02] [INFO] [logger.py:56]: Global pipeline logging initialized. Writing logs to: diagnostics_output\pipeline_run_20260603_125002.log
[2026-06-03 12:50:02] [INFO] [run_pipeline.py:73]: Loading framework raw pipeline splits...
[2026-06-03 12:50:02] [INFO] [run_pipeline.py:87]: [Preprocessing] Applying Multivariable Fourier Feature Expansion (Frequencies: 4)...
[2026-06-03 12:50:02] [INFO] [run_pipeline.py:104]: ==================================================
[2026-06-03 12:50:02] [INFO] [run_pipeline.py:105]:           DATASTREAM TARGET MATRIX PROFILE
[2026-06-03 12:50:02] [INFO] [run_pipeline.py:106]: ==================================================
[2026-06-03 12:50:02] [INFO] [run_pipeline.py:107]: Unique target element footprint: [-1.39932355 -1.32111065 -1.28654306 ...  2.59100731  2.59285461
  2.62888803]
[2026-06-03 12:50:02] [INFO] [run_pipeline.py:108]: Target underlying array data type: float64
[2026-06-03 12:50:02] [INFO] [run_pipeline.py:109]: Target structural matrix shape  : (1800, 1)
[2026-06-03 12:50:02] [INFO] [run_pipeline.py:110]: ==================================================
[2026-06-03 12:50:02] [INFO] [run_pipeline.py:113]: ==================================================
[2026-06-03 12:50:02] [INFO] [run_pipeline.py:114]:           INPUT FEATURE SCALE PROFILE
[2026-06-03 12:50:02] [INFO] [run_pipeline.py:115]: ==================================================
[2026-06-03 12:50:02] [INFO] [run_pipeline.py:116]: X_train Min bounds: [ 0.00176798  0.50056226  0.01290586 -0.75666282  0.4799189  -0.99999324
 -0.99999998 -0.80111866 -0.99999429 -0.99999615 -1.         -0.99999615
 -0.99999887 -0.99999987 -0.99999883 -0.99999192 -0.99999057 -0.99999595
 -0.9999978  -0.99999998 -0.99999837 -0.99999849 -0.99999967 -0.99998851
 -0.99999282 -0.99999603 -0.99998991]
[2026-06-03 12:50:02] [INFO] [run_pipeline.py:117]: X_train Max bounds: [3.99978634 2.4999583  6.28060783 0.99999972 0.99999997 0.99999971
 0.99999844 0.87731286 0.99999668 0.99999945 0.99999746 0.99999959
 0.9999999  0.53935571 0.99998671 0.99999821 0.99999901 0.99999748
 0.99999961 0.9999995  0.99999531 0.99999956 1.         0.99999855
 0.99999844 0.99999993 0.99999349]
[2026-06-03 12:50:02] [INFO] [run_pipeline.py:118]: X_train Mean vector: [ 2.02397517e+00  1.50168184e+00  3.18646039e+00  4.21447424e-01
  8.34229198e-01 -2.04861718e-02 -2.14950226e-01  5.76634106e-02
  1.22689361e-02  1.10556103e-01  6.00798640e-02  1.32484911e-02
  1.21653135e-01 -4.34305697e-01 -1.87367106e-02  1.25459360e-01
  5.28482878e-02 -3.34734616e-02 -9.84443537e-03 -1.99058500e-01
 -1.28384200e-02  1.86613818e-02 -7.73563451e-02 -9.72847804e-04
 -5.86214124e-03  1.11439561e-01 -1.26365967e-02]
[2026-06-03 12:50:02] [INFO] [run_pipeline.py:119]: ==================================================
[2026-06-03 12:50:02] [INFO] [controller.py:65]: [Model Controller] Cold start execution path selected. Computing network topology layers...
[2026-06-03 12:50:02] [INFO] [controller.py:87]: [Model Controller] Resolved Layer Architecture Sequence: (27, 128, 128, 64, 1)
[2026-06-03 12:50:02] [INFO] [model_factory.py:47]: [Factory] Initializing model block structure 'regression' via dynamic registry pass.
[2026-06-03 12:50:02] [INFO] [controller.py:138]: [Model Controller] Patched Adam state: Tracking vectors cleared for new execution pass.
[2026-06-03 12:50:02] [INFO] [controller.py:140]: [Model Controller] Running optimization loops for 400 epochs...
[2026-06-03 12:50:02] [INFO] [base_network.py:128]: [ENGINE TRACE] Hidden Input Shape: (8, 27) | Max: 1.6143 | Min: -1.6211 | Mean: 0.0063
[2026-06-03 12:50:02] [INFO] [base_network.py:144]: [ENGINE TRACE] Layer 0 Pre-Activation (z) -> Max: 1.8876 | Min: -1.8719 | Mean: 0.0209
[2026-06-03 12:50:02] [INFO] [base_network.py:145]: [ENGINE TRACE] Layer 0 Post-Activation (a) -> Max: 1.8876 | Min: -0.0187 | Mean: 0.2400
[2026-06-03 12:50:02] [INFO] [base_network.py:144]: [ENGINE TRACE] Layer 1 Pre-Activation (z) -> Max: 1.3110 | Min: -1.2675 | Mean: 0.0067
[2026-06-03 12:50:02] [INFO] [base_network.py:145]: [ENGINE TRACE] Layer 1 Post-Activation (a) -> Max: 1.3110 | Min: -0.0127 | Mean: 0.1739
[2026-06-03 12:50:02] [INFO] [base_network.py:144]: [ENGINE TRACE] Layer 2 Pre-Activation (z) -> Max: 1.2124 | Min: -1.3532 | Mean: 0.0092
[2026-06-03 12:50:02] [INFO] [base_network.py:145]: [ENGINE TRACE] Layer 2 Post-Activation (a) -> Max: 1.2124 | Min: -0.0135 | Mean: 0.1458
[2026-06-03 12:50:02] [INFO] [base_network.py:166]: [ENGINE TRACE] Final Out Pre-Activation (z_out) Shape: (8, 1) | Max: 0.0086 | Min: -0.6757
[2026-06-03 12:50:02] [INFO] [base_network.py:167]: [ENGINE TRACE] Final Out Activation Layer (output) Shape: (8, 1) | Max: 0.0086 | Min: -0.6757 | Mean: -0.2980
[2026-06-03 12:50:02] [INFO] [optimizers.py:29]: [OPTIMIZER TRACE] Running Adam setup allocation pass...
[2026-06-03 12:50:02] [INFO] [optimizers.py:30]: [OPTIMIZER TRACE] Gammas parameter passed to setup: <class 'NoneType'> | Betas: <class 'NoneType'>
[2026-06-03 12:50:02] [INFO] [optimizers.py:58]: ============================================================
[2026-06-03 12:50:02] [INFO] [optimizers.py:59]:    OPTIMIZER STEP 1 CONSOLE TELEMETRY
[2026-06-03 12:50:02] [INFO] [optimizers.py:60]: ============================================================
[2026-06-03 12:50:02] [INFO] [optimizers.py:61]: [OPTIMIZER TRACE] Active Learning Rate: 0.001000 | L2 Regularization Parameter: 0.00025
[2026-06-03 12:50:02] [INFO] [optimizers.py:62]: [OPTIMIZER TRACE] Incoming Core Weights Layers Count: 4
[2026-06-03 12:50:02] [INFO] [optimizers.py:63]: [OPTIMIZER TRACE] Incoming Gammas: <class 'NoneType'> | Grad Gammas: <class 'NoneType'>
[2026-06-03 12:50:02] [INFO] [optimizers.py:64]: [OPTIMIZER TRACE] Incoming Betas: <class 'NoneType'> | Grad Betas: <class 'NoneType'>
[2026-06-03 12:50:02] [INFO] [optimizers.py:89]: [OPTIMIZER TRACE] Layer 0 Input Grad Weights Norm: 1.625776 | Grad Biases Norm: 0.277003
[2026-06-03 12:50:02] [INFO] [optimizers.py:90]: [OPTIMIZER TRACE] Layer 0 Computed Adam Step Weight Norm: 0.058787 | Step Bias Norm: 0.011314
[2026-06-03 12:50:02] [INFO] [optimizers.py:89]: [OPTIMIZER TRACE] Layer 1 Input Grad Weights Norm: 1.950890 | Grad Biases Norm: 0.448714
[2026-06-03 12:50:02] [INFO] [optimizers.py:90]: [OPTIMIZER TRACE] Layer 1 Computed Adam Step Weight Norm: 0.127987 | Step Bias Norm: 0.011314
[2026-06-03 12:50:02] [INFO] [optimizers.py:89]: [OPTIMIZER TRACE] Layer 2 Input Grad Weights Norm: 1.854835 | Grad Biases Norm: 0.562899
[2026-06-03 12:50:02] [INFO] [optimizers.py:90]: [OPTIMIZER TRACE] Layer 2 Computed Adam Step Weight Norm: 0.090484 | Step Bias Norm: 0.008000
[2026-06-03 12:50:02] [INFO] [optimizers.py:89]: [OPTIMIZER TRACE] Layer 3 Input Grad Weights Norm: 0.964066 | Grad Biases Norm: 0.510625
[2026-06-03 12:50:02] [INFO] [optimizers.py:90]: [OPTIMIZER TRACE] Layer 3 Computed Adam Step Weight Norm: 0.008000 | Step Bias Norm: 0.001000
[2026-06-03 12:50:02] [INFO] [optimizers.py:113]: [OPTIMIZER TRACE] Gamma block skipped. (Either gammas or grad_gammas is None)
[2026-06-03 12:50:02] [INFO] [optimizers.py:131]: [OPTIMIZER TRACE] Beta block skipped. (Either betas or grad_betas is None)
[2026-06-03 12:50:02] [INFO] [optimizers.py:132]: ============================================================
[2026-06-03 12:50:03] [INFO] [controller.py:187]: Epoch   0/400 | Train Loss: 0.140592 | Val Loss: 0.139558 | Active LR: 0.001000
[2026-06-03 12:50:07] [INFO] [controller.py:187]: Epoch  10/400 | Train Loss: 0.036267 | Val Loss: 0.082990 | Active LR: 0.000951
[2026-06-03 12:50:11] [INFO] [controller.py:187]: Epoch  20/400 | Train Loss: 0.028923 | Val Loss: 0.093462 | Active LR: 0.000905
[2026-06-03 12:50:15] [INFO] [controller.py:187]: Epoch  30/400 | Train Loss: 0.013832 | Val Loss: 0.074469 | Active LR: 0.000860
[2026-06-03 12:50:18] [INFO] [controller.py:187]: Epoch  40/400 | Train Loss: 0.012310 | Val Loss: 0.074831 | Active LR: 0.000818
[2026-06-03 12:50:23] [INFO] [controller.py:187]: Epoch  50/400 | Train Loss: 0.008153 | Val Loss: 0.070391 | Active LR: 0.000778
[2026-06-03 12:50:27] [INFO] [controller.py:187]: Epoch  60/400 | Train Loss: 0.007482 | Val Loss: 0.072790 | Active LR: 0.000740
[2026-06-03 12:50:32] [INFO] [controller.py:187]: Epoch  70/400 | Train Loss: 0.006350 | Val Loss: 0.072321 | Active LR: 0.000704
[2026-06-03 12:50:36] [INFO] [controller.py:187]: Epoch  80/400 | Train Loss: 0.006185 | Val Loss: 0.067560 | Active LR: 0.000670
[2026-06-03 12:50:37] [INFO] [controller.py:199]: [Early Stopping] Validation divergence detected. Loss has failed to improve for 40 sequential epochs.
[2026-06-03 12:50:37] [INFO] [controller.py:200]: [Early Stopping] Halting optimization process at epoch 83. Restoring best checkpoint parameters (Val Loss: 0.065046).
[2026-06-03 12:50:37] [INFO] [controller.py:205]: [Model Controller] Training sequence completed. Triggering data serialization...
[2026-06-03 12:50:37] [INFO] [controller.py:212]: [Model Controller] Cold-start / Tuning detected. Skipping disk write.
[2026-06-03 12:50:37] [INFO] [run_pipeline.py:36]: Dispatching data metrics to diagnostics manager...
