[2026-06-03 12:49:19] [INFO] [logger.py:56]: Global pipeline logging initialized. Writing logs to: diagnostics_output\pipeline_run_20260603_124919.log
[2026-06-03 12:49:19] [INFO] [run_pipeline.py:73]: Loading framework raw pipeline splits...
[2026-06-03 12:49:19] [INFO] [run_pipeline.py:87]: [Preprocessing] Applying Multivariable Fourier Feature Expansion (Frequencies: 4)...
[2026-06-03 12:49:19] [INFO] [run_pipeline.py:104]: ==================================================
[2026-06-03 12:49:19] [INFO] [run_pipeline.py:105]:           DATASTREAM TARGET MATRIX PROFILE
[2026-06-03 12:49:19] [INFO] [run_pipeline.py:106]: ==================================================
[2026-06-03 12:49:19] [INFO] [run_pipeline.py:107]: Unique target element footprint: [-1.39932355 -1.32111065 -1.28654306 ...  2.59100731  2.59285461
  2.62888803]
[2026-06-03 12:49:19] [INFO] [run_pipeline.py:108]: Target underlying array data type: float64
[2026-06-03 12:49:19] [INFO] [run_pipeline.py:109]: Target structural matrix shape  : (1800, 1)
[2026-06-03 12:49:19] [INFO] [run_pipeline.py:110]: ==================================================
[2026-06-03 12:49:19] [INFO] [run_pipeline.py:113]: ==================================================
[2026-06-03 12:49:19] [INFO] [run_pipeline.py:114]:           INPUT FEATURE SCALE PROFILE
[2026-06-03 12:49:19] [INFO] [run_pipeline.py:115]: ==================================================
[2026-06-03 12:49:19] [INFO] [run_pipeline.py:116]: X_train Min bounds: [ 0.00176798  0.50056226  0.01290586 -0.75666282  0.4799189  -0.99999324
 -0.99999998 -0.80111866 -0.99999429 -0.99999615 -1.         -0.99999615
 -0.99999887 -0.99999987 -0.99999883 -0.99999192 -0.99999057 -0.99999595
 -0.9999978  -0.99999998 -0.99999837 -0.99999849 -0.99999967 -0.99998851
 -0.99999282 -0.99999603 -0.99998991]
[2026-06-03 12:49:19] [INFO] [run_pipeline.py:117]: X_train Max bounds: [3.99978634 2.4999583  6.28060783 0.99999972 0.99999997 0.99999971
 0.99999844 0.87731286 0.99999668 0.99999945 0.99999746 0.99999959
 0.9999999  0.53935571 0.99998671 0.99999821 0.99999901 0.99999748
 0.99999961 0.9999995  0.99999531 0.99999956 1.         0.99999855
 0.99999844 0.99999993 0.99999349]
[2026-06-03 12:49:19] [INFO] [run_pipeline.py:118]: X_train Mean vector: [ 2.02397517e+00  1.50168184e+00  3.18646039e+00  4.21447424e-01
  8.34229198e-01 -2.04861718e-02 -2.14950226e-01  5.76634106e-02
  1.22689361e-02  1.10556103e-01  6.00798640e-02  1.32484911e-02
  1.21653135e-01 -4.34305697e-01 -1.87367106e-02  1.25459360e-01
  5.28482878e-02 -3.34734616e-02 -9.84443537e-03 -1.99058500e-01
 -1.28384200e-02  1.86613818e-02 -7.73563451e-02 -9.72847804e-04
 -5.86214124e-03  1.11439561e-01 -1.26365967e-02]
[2026-06-03 12:49:19] [INFO] [run_pipeline.py:119]: ==================================================
[2026-06-03 12:49:19] [INFO] [controller.py:65]: [Model Controller] Cold start execution path selected. Computing network topology layers...
[2026-06-03 12:49:19] [INFO] [controller.py:87]: [Model Controller] Resolved Layer Architecture Sequence: (27, 128, 256, 128, 1)
[2026-06-03 12:49:19] [INFO] [model_factory.py:47]: [Factory] Initializing model block structure 'regression' via dynamic registry pass.
[2026-06-03 12:49:19] [INFO] [controller.py:138]: [Model Controller] Patched Adam state: Tracking vectors cleared for new execution pass.
[2026-06-03 12:49:19] [INFO] [controller.py:140]: [Model Controller] Running optimization loops for 400 epochs...
[2026-06-03 12:49:19] [INFO] [base_network.py:128]: [ENGINE TRACE] Hidden Input Shape: (8, 27) | Max: 1.9971 | Min: -2.2433 | Mean: 0.0348
[2026-06-03 12:49:19] [INFO] [base_network.py:144]: [ENGINE TRACE] Layer 0 Pre-Activation (z) -> Max: 1.9985 | Min: -1.7919 | Mean: 0.0071
[2026-06-03 12:49:19] [INFO] [base_network.py:145]: [ENGINE TRACE] Layer 0 Post-Activation (a) -> Max: 1.9985 | Min: -0.0179 | Mean: 0.2321
[2026-06-03 12:49:19] [INFO] [base_network.py:144]: [ENGINE TRACE] Layer 1 Pre-Activation (z) -> Max: 1.2202 | Min: -1.0293 | Mean: -0.0000
[2026-06-03 12:49:19] [INFO] [base_network.py:145]: [ENGINE TRACE] Layer 1 Post-Activation (a) -> Max: 1.2202 | Min: -0.0103 | Mean: 0.1345
[2026-06-03 12:49:19] [INFO] [base_network.py:144]: [ENGINE TRACE] Layer 2 Pre-Activation (z) -> Max: 0.7872 | Min: -0.9355 | Mean: 0.0149
[2026-06-03 12:49:19] [INFO] [base_network.py:145]: [ENGINE TRACE] Layer 2 Post-Activation (a) -> Max: 0.7872 | Min: -0.0094 | Mean: 0.1205
[2026-06-03 12:49:19] [INFO] [base_network.py:166]: [ENGINE TRACE] Final Out Pre-Activation (z_out) Shape: (8, 1) | Max: -0.2257 | Min: -0.7912
[2026-06-03 12:49:19] [INFO] [base_network.py:167]: [ENGINE TRACE] Final Out Activation Layer (output) Shape: (8, 1) | Max: -0.2257 | Min: -0.7912 | Mean: -0.4688
[2026-06-03 12:49:19] [INFO] [optimizers.py:29]: [OPTIMIZER TRACE] Running Adam setup allocation pass...
[2026-06-03 12:49:19] [INFO] [optimizers.py:30]: [OPTIMIZER TRACE] Gammas parameter passed to setup: <class 'NoneType'> | Betas: <class 'NoneType'>
[2026-06-03 12:49:19] [INFO] [optimizers.py:58]: ============================================================
[2026-06-03 12:49:19] [INFO] [optimizers.py:59]:    OPTIMIZER STEP 1 CONSOLE TELEMETRY
[2026-06-03 12:49:19] [INFO] [optimizers.py:60]: ============================================================
[2026-06-03 12:49:19] [INFO] [optimizers.py:61]: [OPTIMIZER TRACE] Active Learning Rate: 0.001000 | L2 Regularization Parameter: 0.00025
[2026-06-03 12:49:19] [INFO] [optimizers.py:62]: [OPTIMIZER TRACE] Incoming Core Weights Layers Count: 4
[2026-06-03 12:49:19] [INFO] [optimizers.py:63]: [OPTIMIZER TRACE] Incoming Gammas: <class 'NoneType'> | Grad Gammas: <class 'NoneType'>
[2026-06-03 12:49:19] [INFO] [optimizers.py:64]: [OPTIMIZER TRACE] Incoming Betas: <class 'NoneType'> | Grad Betas: <class 'NoneType'>
[2026-06-03 12:49:19] [INFO] [optimizers.py:89]: [OPTIMIZER TRACE] Layer 0 Input Grad Weights Norm: 1.197940 | Grad Biases Norm: 0.243965
[2026-06-03 12:49:19] [INFO] [optimizers.py:90]: [OPTIMIZER TRACE] Layer 0 Computed Adam Step Weight Norm: 0.058787 | Step Bias Norm: 0.011314
[2026-06-03 12:49:19] [INFO] [optimizers.py:89]: [OPTIMIZER TRACE] Layer 1 Input Grad Weights Norm: 1.928379 | Grad Biases Norm: 0.434746
[2026-06-03 12:49:19] [INFO] [optimizers.py:90]: [OPTIMIZER TRACE] Layer 1 Computed Adam Step Weight Norm: 0.180942 | Step Bias Norm: 0.016000
[2026-06-03 12:49:19] [INFO] [optimizers.py:89]: [OPTIMIZER TRACE] Layer 2 Input Grad Weights Norm: 1.675709 | Grad Biases Norm: 0.477542
[2026-06-03 12:49:19] [INFO] [optimizers.py:90]: [OPTIMIZER TRACE] Layer 2 Computed Adam Step Weight Norm: 0.180879 | Step Bias Norm: 0.011314
[2026-06-03 12:49:19] [INFO] [optimizers.py:89]: [OPTIMIZER TRACE] Layer 3 Input Grad Weights Norm: 1.216287 | Grad Biases Norm: 0.543373
[2026-06-03 12:49:19] [INFO] [optimizers.py:90]: [OPTIMIZER TRACE] Layer 3 Computed Adam Step Weight Norm: 0.011314 | Step Bias Norm: 0.001000
[2026-06-03 12:49:19] [INFO] [optimizers.py:113]: [OPTIMIZER TRACE] Gamma block skipped. (Either gammas or grad_gammas is None)
[2026-06-03 12:49:19] [INFO] [optimizers.py:131]: [OPTIMIZER TRACE] Beta block skipped. (Either betas or grad_betas is None)
[2026-06-03 12:49:19] [INFO] [optimizers.py:132]: ============================================================
[2026-06-03 12:49:20] [INFO] [controller.py:187]: Epoch   0/400 | Train Loss: 0.133397 | Val Loss: 0.134001 | Active LR: 0.001000
[2026-06-03 12:49:28] [INFO] [controller.py:187]: Epoch  10/400 | Train Loss: 0.036076 | Val Loss: 0.088830 | Active LR: 0.000951
[2026-06-03 12:49:35] [INFO] [controller.py:187]: Epoch  20/400 | Train Loss: 0.018572 | Val Loss: 0.078676 | Active LR: 0.000905
