[2026-06-03 12:10:27] [INFO] [logger.py:56]: Global pipeline logging initialized. Writing logs to: diagnostics_output\pipeline_run_20260603_121027.log
[2026-06-03 12:10:27] [INFO] [run_pipeline.py:73]: Loading framework raw pipeline splits...
[2026-06-03 12:10:27] [INFO] [run_pipeline.py:87]: [Preprocessing] Applying Multivariable Fourier Feature Expansion (Frequencies: 4)...
[2026-06-03 12:10:27] [INFO] [run_pipeline.py:104]: ==================================================
[2026-06-03 12:10:27] [INFO] [run_pipeline.py:105]:           DATASTREAM TARGET MATRIX PROFILE
[2026-06-03 12:10:27] [INFO] [run_pipeline.py:106]: ==================================================
[2026-06-03 12:10:27] [INFO] [run_pipeline.py:107]: Unique target element footprint: [-1.39932355 -1.32111065 -1.28654306 ...  2.59100731  2.59285461
  2.62888803]
[2026-06-03 12:10:27] [INFO] [run_pipeline.py:108]: Target underlying array data type: float64
[2026-06-03 12:10:27] [INFO] [run_pipeline.py:109]: Target structural matrix shape  : (1800, 1)
[2026-06-03 12:10:27] [INFO] [run_pipeline.py:110]: ==================================================
[2026-06-03 12:10:27] [INFO] [run_pipeline.py:113]: ==================================================
[2026-06-03 12:10:27] [INFO] [run_pipeline.py:114]:           INPUT FEATURE SCALE PROFILE
[2026-06-03 12:10:27] [INFO] [run_pipeline.py:115]: ==================================================
[2026-06-03 12:10:27] [INFO] [run_pipeline.py:116]: X_train Min bounds: [ 0.00176798  0.50056226  0.01290586 -0.75666282  0.4799189  -0.99999324
 -0.99999998 -0.80111866 -0.99999429 -0.99999615 -1.         -0.99999615
 -0.99999887 -0.99999987 -0.99999883 -0.99999192 -0.99999057 -0.99999595
 -0.9999978  -0.99999998 -0.99999837 -0.99999849 -0.99999967 -0.99998851
 -0.99999282 -0.99999603 -0.99998991]
[2026-06-03 12:10:27] [INFO] [run_pipeline.py:117]: X_train Max bounds: [3.99978634 2.4999583  6.28060783 0.99999972 0.99999997 0.99999971
 0.99999844 0.87731286 0.99999668 0.99999945 0.99999746 0.99999959
 0.9999999  0.53935571 0.99998671 0.99999821 0.99999901 0.99999748
 0.99999961 0.9999995  0.99999531 0.99999956 1.         0.99999855
 0.99999844 0.99999993 0.99999349]
[2026-06-03 12:10:27] [INFO] [run_pipeline.py:118]: X_train Mean vector: [ 2.02397517e+00  1.50168184e+00  3.18646039e+00  4.21447424e-01
  8.34229198e-01 -2.04861718e-02 -2.14950226e-01  5.76634106e-02
  1.22689361e-02  1.10556103e-01  6.00798640e-02  1.32484911e-02
  1.21653135e-01 -4.34305697e-01 -1.87367106e-02  1.25459360e-01
  5.28482878e-02 -3.34734616e-02 -9.84443537e-03 -1.99058500e-01
 -1.28384200e-02  1.86613818e-02 -7.73563451e-02 -9.72847804e-04
 -5.86214124e-03  1.11439561e-01 -1.26365967e-02]
[2026-06-03 12:10:27] [INFO] [run_pipeline.py:119]: ==================================================
[2026-06-03 12:10:27] [INFO] [controller.py:65]: [Model Controller] Cold start execution path selected. Computing network topology layers...
[2026-06-03 12:10:27] [INFO] [controller.py:87]: [Model Controller] Resolved Layer Architecture Sequence: (27, 512, 256, 128, 64, 1)
[2026-06-03 12:10:27] [INFO] [model_factory.py:47]: [Factory] Initializing model block structure 'regression' via dynamic registry pass.
[2026-06-03 12:10:27] [INFO] [controller.py:138]: [Model Controller] Patched Adam state: Tracking vectors cleared for new execution pass.
[2026-06-03 12:10:27] [INFO] [controller.py:140]: [Model Controller] Running optimization loops for 400 epochs...
[2026-06-03 12:10:27] [INFO] [controller.py:149]: === DIAGNOSTIC PROBE EPOCH 0 ===
[2026-06-03 12:10:27] [INFO] [controller.py:150]: [PROBE] X_train_norm shape: (1800, 27) | Mean: 0.0000 | Std: 1.0000
[2026-06-03 12:10:27] [INFO] [controller.py:151]: [PROBE] X_val_norm shape:   (600, 27) | Mean: 0.0036 | Std: 1.0002
[2026-06-03 12:10:27] [INFO] [controller.py:155]: [PROBE] Max feature mean divergence between splits: 0.1005
[2026-06-03 12:10:27] [INFO] [base_network.py:128]: [ENGINE TRACE] Hidden Input Shape: (600, 27) | Max: 2.1090 | Min: -2.4221 | Mean: 0.0036
[2026-06-03 12:10:27] [INFO] [base_network.py:144]: [ENGINE TRACE] Layer 0 Pre-Activation (z) -> Max: 1.3007 | Min: -1.4016 | Mean: -0.0011
[2026-06-03 12:10:27] [INFO] [base_network.py:145]: [ENGINE TRACE] Layer 0 Post-Activation (a) -> Max: 1.3007 | Min: -0.0140 | Mean: 0.1244
[2026-06-03 12:10:27] [INFO] [base_network.py:144]: [ENGINE TRACE] Layer 1 Pre-Activation (z) -> Max: 1.4586 | Min: -1.2017 | Mean: 0.0027
[2026-06-03 12:10:27] [INFO] [base_network.py:145]: [ENGINE TRACE] Layer 1 Post-Activation (a) -> Max: 1.4586 | Min: -0.0120 | Mean: 0.0989
[2026-06-03 12:10:27] [INFO] [base_network.py:144]: [ENGINE TRACE] Layer 2 Pre-Activation (z) -> Max: 0.9482 | Min: -0.8740 | Mean: 0.0288
[2026-06-03 12:10:27] [INFO] [base_network.py:145]: [ENGINE TRACE] Layer 2 Post-Activation (a) -> Max: 0.9482 | Min: -0.0087 | Mean: 0.0991
[2026-06-03 12:10:27] [INFO] [base_network.py:144]: [ENGINE TRACE] Layer 3 Pre-Activation (z) -> Max: 0.7660 | Min: -1.0350 | Mean: -0.0143
[2026-06-03 12:10:27] [INFO] [base_network.py:145]: [ENGINE TRACE] Layer 3 Post-Activation (a) -> Max: 0.7660 | Min: -0.0104 | Mean: 0.0668
[2026-06-03 12:10:27] [INFO] [base_network.py:166]: [ENGINE TRACE] Final Out Pre-Activation (z_out) Shape: (600, 1) | Max: 0.0835 | Min: -0.4139
[2026-06-03 12:10:27] [INFO] [base_network.py:167]: [ENGINE TRACE] Final Out Activation Layer (output) Shape: (600, 1) | Max: 0.0835 | Min: -0.4139 | Mean: -0.1664
[2026-06-03 12:10:27] [INFO] [controller.py:159]: [PROBE] Validation Predictions - Min: -0.4139 | Max: 0.0835 | Mean: -0.1664
[2026-06-03 12:10:27] [INFO] [controller.py:163]: [PROBE] Top 5 Max Absolute Residual Errors: [2.28853385 2.34386064 2.4052405  2.48736868 2.55425759]
[2026-06-03 12:10:27] [INFO] [controller.py:166]: [PROBE] Validation Targets     - Min: -2.0469 | Max: 2.1719 | Mean: 0.0206
[2026-06-03 12:10:27] [INFO] [base_network.py:128]: [ENGINE TRACE] Hidden Input Shape: (32, 27) | Max: 2.0566 | Min: -2.3372 | Mean: 0.0035
[2026-06-03 12:10:27] [INFO] [base_network.py:144]: [ENGINE TRACE] Layer 0 Pre-Activation (z) -> Max: 1.2565 | Min: -1.1538 | Mean: -0.0001
[2026-06-03 12:10:27] [INFO] [base_network.py:145]: [ENGINE TRACE] Layer 0 Post-Activation (a) -> Max: 1.2565 | Min: -0.0115 | Mean: 0.1244
[2026-06-03 12:10:27] [INFO] [base_network.py:144]: [ENGINE TRACE] Layer 1 Pre-Activation (z) -> Max: 1.0420 | Min: -1.1041 | Mean: 0.0045
[2026-06-03 12:10:27] [INFO] [base_network.py:145]: [ENGINE TRACE] Layer 1 Post-Activation (a) -> Max: 1.0420 | Min: -0.0110 | Mean: 0.1027
[2026-06-03 12:10:27] [INFO] [base_network.py:144]: [ENGINE TRACE] Layer 2 Pre-Activation (z) -> Max: 0.8140 | Min: -0.6726 | Mean: 0.0282
[2026-06-03 12:10:27] [INFO] [base_network.py:145]: [ENGINE TRACE] Layer 2 Post-Activation (a) -> Max: 0.8140 | Min: -0.0067 | Mean: 0.1045
[2026-06-03 12:10:27] [INFO] [base_network.py:144]: [ENGINE TRACE] Layer 3 Pre-Activation (z) -> Max: 0.6917 | Min: -0.8778 | Mean: -0.0184
[2026-06-03 12:10:27] [INFO] [base_network.py:145]: [ENGINE TRACE] Layer 3 Post-Activation (a) -> Max: 0.6917 | Min: -0.0088 | Mean: 0.0698
[2026-06-03 12:10:27] [INFO] [base_network.py:166]: [ENGINE TRACE] Final Out Pre-Activation (z_out) Shape: (32, 1) | Max: 0.1393 | Min: -0.4195
[2026-06-03 12:10:27] [INFO] [base_network.py:167]: [ENGINE TRACE] Final Out Activation Layer (output) Shape: (32, 1) | Max: 0.1393 | Min: -0.4195 | Mean: -0.1670
[2026-06-03 12:10:27] [INFO] [optimizers.py:29]: [OPTIMIZER TRACE] Running Adam setup allocation pass...
[2026-06-03 12:10:27] [INFO] [optimizers.py:30]: [OPTIMIZER TRACE] Gammas parameter passed to setup: <class 'NoneType'> | Betas: <class 'NoneType'>
[2026-06-03 12:10:27] [INFO] [optimizers.py:58]: ============================================================
[2026-06-03 12:10:27] [INFO] [optimizers.py:59]:    OPTIMIZER STEP 1 CONSOLE TELEMETRY
[2026-06-03 12:10:27] [INFO] [optimizers.py:60]: ============================================================
[2026-06-03 12:10:27] [INFO] [optimizers.py:61]: [OPTIMIZER TRACE] Active Learning Rate: 0.001000 | L2 Regularization Parameter: 0.00025
[2026-06-03 12:10:27] [INFO] [optimizers.py:62]: [OPTIMIZER TRACE] Incoming Core Weights Layers Count: 5
[2026-06-03 12:10:27] [INFO] [optimizers.py:63]: [OPTIMIZER TRACE] Incoming Gammas: <class 'NoneType'> | Grad Gammas: <class 'NoneType'>
[2026-06-03 12:10:27] [INFO] [optimizers.py:64]: [OPTIMIZER TRACE] Incoming Betas: <class 'NoneType'> | Grad Betas: <class 'NoneType'>
[2026-06-03 12:10:27] [INFO] [optimizers.py:89]: [OPTIMIZER TRACE] Layer 0 Input Grad Weights Norm: 0.644384 | Grad Biases Norm: 0.129883
[2026-06-03 12:10:27] [INFO] [optimizers.py:90]: [OPTIMIZER TRACE] Layer 0 Computed Adam Step Weight Norm: 0.117573 | Step Bias Norm: 0.022627
[2026-06-03 12:10:27] [INFO] [optimizers.py:89]: [OPTIMIZER TRACE] Layer 1 Input Grad Weights Norm: 0.840084 | Grad Biases Norm: 0.157380
[2026-06-03 12:10:27] [INFO] [optimizers.py:90]: [OPTIMIZER TRACE] Layer 1 Computed Adam Step Weight Norm: 0.361992 | Step Bias Norm: 0.016000
[2026-06-03 12:10:27] [INFO] [optimizers.py:89]: [OPTIMIZER TRACE] Layer 2 Input Grad Weights Norm: 0.567988 | Grad Biases Norm: 0.197947
[2026-06-03 12:10:27] [INFO] [optimizers.py:90]: [OPTIMIZER TRACE] Layer 2 Computed Adam Step Weight Norm: 0.180966 | Step Bias Norm: 0.011314
[2026-06-03 12:10:27] [INFO] [optimizers.py:89]: [OPTIMIZER TRACE] Layer 3 Input Grad Weights Norm: 0.497609 | Grad Biases Norm: 0.237655
[2026-06-03 12:10:27] [INFO] [optimizers.py:90]: [OPTIMIZER TRACE] Layer 3 Computed Adam Step Weight Norm: 0.090308 | Step Bias Norm: 0.008000
[2026-06-03 12:10:27] [INFO] [optimizers.py:89]: [OPTIMIZER TRACE] Layer 4 Input Grad Weights Norm: 0.268038 | Grad Biases Norm: 0.273812
[2026-06-03 12:10:27] [INFO] [optimizers.py:90]: [OPTIMIZER TRACE] Layer 4 Computed Adam Step Weight Norm: 0.008000 | Step Bias Norm: 0.001000
[2026-06-03 12:10:27] [INFO] [optimizers.py:113]: [OPTIMIZER TRACE] Gamma block skipped. (Either gammas or grad_gammas is None)
[2026-06-03 12:10:27] [INFO] [optimizers.py:131]: [OPTIMIZER TRACE] Beta block skipped. (Either betas or grad_betas is None)
[2026-06-03 12:10:27] [INFO] [optimizers.py:132]: ============================================================
[2026-06-03 12:10:30] [INFO] [controller.py:181]: Epoch   0/400 | Train Loss: 0.112128 | Val Loss: 0.116361 | Active LR: 0.001000
[2026-06-03 12:10:30] [INFO] [controller.py:186]: [PROBE] Trimmed Validation Loss (No Outliers): 0.213850
[2026-06-03 12:10:40] [INFO] [controller.py:149]: === DIAGNOSTIC PROBE EPOCH 10 ===
[2026-06-03 12:10:40] [INFO] [controller.py:150]: [PROBE] X_train_norm shape: (1800, 27) | Mean: 0.0000 | Std: 1.0000
[2026-06-03 12:10:40] [INFO] [controller.py:151]: [PROBE] X_val_norm shape:   (600, 27) | Mean: 0.0036 | Std: 1.0002
[2026-06-03 12:10:40] [INFO] [controller.py:155]: [PROBE] Max feature mean divergence between splits: 0.1005
[2026-06-03 12:10:40] [INFO] [controller.py:159]: [PROBE] Validation Predictions - Min: -1.5385 | Max: 2.1203 | Mean: 0.0454
[2026-06-03 12:10:40] [INFO] [controller.py:163]: [PROBE] Top 5 Max Absolute Residual Errors: [1.20005132 1.25139636 1.32539251 1.36172485 2.15316196]
[2026-06-03 12:10:40] [INFO] [controller.py:166]: [PROBE] Validation Targets     - Min: -2.0469 | Max: 2.1719 | Mean: 0.0206
[2026-06-03 12:10:41] [INFO] [controller.py:181]: Epoch  10/400 | Train Loss: 0.031792 | Val Loss: 0.077040 | Active LR: 0.000951
[2026-06-03 12:10:41] [INFO] [controller.py:186]: [PROBE] Trimmed Validation Loss (No Outliers): 0.109615
[2026-06-03 12:10:52] [INFO] [controller.py:149]: === DIAGNOSTIC PROBE EPOCH 20 ===
[2026-06-03 12:10:52] [INFO] [controller.py:150]: [PROBE] X_train_norm shape: (1800, 27) | Mean: 0.0000 | Std: 1.0000
[2026-06-03 12:10:52] [INFO] [controller.py:151]: [PROBE] X_val_norm shape:   (600, 27) | Mean: 0.0036 | Std: 1.0002
[2026-06-03 12:10:52] [INFO] [controller.py:155]: [PROBE] Max feature mean divergence between splits: 0.1005
[2026-06-03 12:10:52] [INFO] [controller.py:159]: [PROBE] Validation Predictions - Min: -1.9035 | Max: 1.7633 | Mean: -0.0532
[2026-06-03 12:10:52] [INFO] [controller.py:163]: [PROBE] Top 5 Max Absolute Residual Errors: [1.36234001 1.73432829 1.78995856 2.10477609 2.71221219]
[2026-06-03 12:10:52] [INFO] [controller.py:166]: [PROBE] Validation Targets     - Min: -2.0469 | Max: 2.1719 | Mean: 0.0206
[2026-06-03 12:10:53] [INFO] [controller.py:181]: Epoch  20/400 | Train Loss: 0.014035 | Val Loss: 0.078861 | Active LR: 0.000905
[2026-06-03 12:10:53] [INFO] [controller.py:186]: [PROBE] Trimmed Validation Loss (No Outliers): 0.105385
[2026-06-03 12:11:03] [INFO] [controller.py:149]: === DIAGNOSTIC PROBE EPOCH 30 ===
[2026-06-03 12:11:03] [INFO] [controller.py:150]: [PROBE] X_train_norm shape: (1800, 27) | Mean: 0.0000 | Std: 1.0000
[2026-06-03 12:11:03] [INFO] [controller.py:151]: [PROBE] X_val_norm shape:   (600, 27) | Mean: 0.0036 | Std: 1.0002
[2026-06-03 12:11:03] [INFO] [controller.py:155]: [PROBE] Max feature mean divergence between splits: 0.1005
[2026-06-03 12:11:03] [INFO] [controller.py:159]: [PROBE] Validation Predictions - Min: -1.9944 | Max: 2.2084 | Mean: 0.0810
[2026-06-03 12:11:03] [INFO] [controller.py:163]: [PROBE] Top 5 Max Absolute Residual Errors: [1.30567114 1.35295633 1.81031869 2.17318151 2.6964764 ]
[2026-06-03 12:11:03] [INFO] [controller.py:166]: [PROBE] Validation Targets     - Min: -2.0469 | Max: 2.1719 | Mean: 0.0206
[2026-06-03 12:11:05] [INFO] [controller.py:181]: Epoch  30/400 | Train Loss: 0.009904 | Val Loss: 0.071454 | Active LR: 0.000860
[2026-06-03 12:11:05] [INFO] [controller.py:186]: [PROBE] Trimmed Validation Loss (No Outliers): 0.103250
[2026-06-03 12:11:14] [INFO] [controller.py:149]: === DIAGNOSTIC PROBE EPOCH 40 ===
[2026-06-03 12:11:14] [INFO] [controller.py:150]: [PROBE] X_train_norm shape: (1800, 27) | Mean: 0.0000 | Std: 1.0000
[2026-06-03 12:11:14] [INFO] [controller.py:151]: [PROBE] X_val_norm shape:   (600, 27) | Mean: 0.0036 | Std: 1.0002
[2026-06-03 12:11:14] [INFO] [controller.py:155]: [PROBE] Max feature mean divergence between splits: 0.1005
[2026-06-03 12:11:14] [INFO] [controller.py:159]: [PROBE] Validation Predictions - Min: -2.0335 | Max: 2.1177 | Mean: 0.0251
[2026-06-03 12:11:14] [INFO] [controller.py:163]: [PROBE] Top 5 Max Absolute Residual Errors: [1.48493257 1.51839084 1.58733185 1.78388084 2.50455639]
[2026-06-03 12:11:14] [INFO] [controller.py:166]: [PROBE] Validation Targets     - Min: -2.0469 | Max: 2.1719 | Mean: 0.0206
[2026-06-03 12:11:16] [INFO] [controller.py:181]: Epoch  40/400 | Train Loss: 0.006967 | Val Loss: 0.073755 | Active LR: 0.000818
[2026-06-03 12:11:16] [INFO] [controller.py:186]: [PROBE] Trimmed Validation Loss (No Outliers): 0.101012
[2026-06-03 12:11:26] [INFO] [controller.py:149]: === DIAGNOSTIC PROBE EPOCH 50 ===
[2026-06-03 12:11:26] [INFO] [controller.py:150]: [PROBE] X_train_norm shape: (1800, 27) | Mean: 0.0000 | Std: 1.0000
[2026-06-03 12:11:26] [INFO] [controller.py:151]: [PROBE] X_val_norm shape:   (600, 27) | Mean: 0.0036 | Std: 1.0002
[2026-06-03 12:11:26] [INFO] [controller.py:155]: [PROBE] Max feature mean divergence between splits: 0.1005
[2026-06-03 12:11:26] [INFO] [controller.py:159]: [PROBE] Validation Predictions - Min: -1.9721 | Max: 2.0443 | Mean: -0.0148
[2026-06-03 12:11:26] [INFO] [controller.py:163]: [PROBE] Top 5 Max Absolute Residual Errors: [1.55033988 1.63719248 1.63889196 1.76523538 2.44638686]
[2026-06-03 12:11:26] [INFO] [controller.py:166]: [PROBE] Validation Targets     - Min: -2.0469 | Max: 2.1719 | Mean: 0.0206
[2026-06-03 12:11:28] [INFO] [controller.py:181]: Epoch  50/400 | Train Loss: 0.009163 | Val Loss: 0.071756 | Active LR: 0.000778
[2026-06-03 12:11:28] [INFO] [controller.py:186]: [PROBE] Trimmed Validation Loss (No Outliers): 0.099628
[2026-06-03 12:11:38] [INFO] [controller.py:149]: === DIAGNOSTIC PROBE EPOCH 60 ===
[2026-06-03 12:11:38] [INFO] [controller.py:150]: [PROBE] X_train_norm shape: (1800, 27) | Mean: 0.0000 | Std: 1.0000
[2026-06-03 12:11:38] [INFO] [controller.py:151]: [PROBE] X_val_norm shape:   (600, 27) | Mean: 0.0036 | Std: 1.0002
[2026-06-03 12:11:38] [INFO] [controller.py:155]: [PROBE] Max feature mean divergence between splits: 0.1005
[2026-06-03 12:11:38] [INFO] [controller.py:159]: [PROBE] Validation Predictions - Min: -1.8096 | Max: 2.1277 | Mean: 0.0158
[2026-06-03 12:11:38] [INFO] [controller.py:163]: [PROBE] Top 5 Max Absolute Residual Errors: [1.48566908 1.55679187 1.60025663 1.82859526 2.47187826]
[2026-06-03 12:11:38] [INFO] [controller.py:166]: [PROBE] Validation Targets     - Min: -2.0469 | Max: 2.1719 | Mean: 0.0206
[2026-06-03 12:11:39] [INFO] [controller.py:181]: Epoch  60/400 | Train Loss: 0.004874 | Val Loss: 0.071378 | Active LR: 0.000740
[2026-06-03 12:11:39] [INFO] [controller.py:186]: [PROBE] Trimmed Validation Loss (No Outliers): 0.087137
[2026-06-03 12:11:49] [INFO] [controller.py:149]: === DIAGNOSTIC PROBE EPOCH 70 ===
[2026-06-03 12:11:49] [INFO] [controller.py:150]: [PROBE] X_train_norm shape: (1800, 27) | Mean: 0.0000 | Std: 1.0000
[2026-06-03 12:11:49] [INFO] [controller.py:151]: [PROBE] X_val_norm shape:   (600, 27) | Mean: 0.0036 | Std: 1.0002
[2026-06-03 12:11:49] [INFO] [controller.py:155]: [PROBE] Max feature mean divergence between splits: 0.1005
[2026-06-03 12:11:49] [INFO] [controller.py:159]: [PROBE] Validation Predictions - Min: -1.7892 | Max: 2.1044 | Mean: -0.0188
[2026-06-03 12:11:49] [INFO] [controller.py:163]: [PROBE] Top 5 Max Absolute Residual Errors: [1.48753856 1.56860929 1.72682496 1.95723293 2.50043805]
[2026-06-03 12:11:49] [INFO] [controller.py:166]: [PROBE] Validation Targets     - Min: -2.0469 | Max: 2.1719 | Mean: 0.0206
[2026-06-03 12:11:50] [INFO] [controller.py:181]: Epoch  70/400 | Train Loss: 0.004866 | Val Loss: 0.070081 | Active LR: 0.000704
[2026-06-03 12:11:50] [INFO] [controller.py:186]: [PROBE] Trimmed Validation Loss (No Outliers): 0.090533
[2026-06-03 12:12:00] [INFO] [controller.py:149]: === DIAGNOSTIC PROBE EPOCH 80 ===
[2026-06-03 12:12:00] [INFO] [controller.py:150]: [PROBE] X_train_norm shape: (1800, 27) | Mean: 0.0000 | Std: 1.0000
[2026-06-03 12:12:00] [INFO] [controller.py:151]: [PROBE] X_val_norm shape:   (600, 27) | Mean: 0.0036 | Std: 1.0002
[2026-06-03 12:12:00] [INFO] [controller.py:155]: [PROBE] Max feature mean divergence between splits: 0.1005
[2026-06-03 12:12:00] [INFO] [controller.py:159]: [PROBE] Validation Predictions - Min: -1.8972 | Max: 2.1284 | Mean: 0.0025
[2026-06-03 12:12:00] [INFO] [controller.py:163]: [PROBE] Top 5 Max Absolute Residual Errors: [1.47650812 1.69215723 1.7339151  1.96933793 2.55768878]
[2026-06-03 12:12:00] [INFO] [controller.py:166]: [PROBE] Validation Targets     - Min: -2.0469 | Max: 2.1719 | Mean: 0.0206
[2026-06-03 12:12:02] [INFO] [controller.py:181]: Epoch  80/400 | Train Loss: 0.004887 | Val Loss: 0.070683 | Active LR: 0.000670
[2026-06-03 12:12:02] [INFO] [controller.py:186]: [PROBE] Trimmed Validation Loss (No Outliers): 0.092599
[2026-06-03 12:12:14] [INFO] [controller.py:149]: === DIAGNOSTIC PROBE EPOCH 90 ===
[2026-06-03 12:12:14] [INFO] [controller.py:150]: [PROBE] X_train_norm shape: (1800, 27) | Mean: 0.0000 | Std: 1.0000
[2026-06-03 12:12:14] [INFO] [controller.py:151]: [PROBE] X_val_norm shape:   (600, 27) | Mean: 0.0036 | Std: 1.0002
[2026-06-03 12:12:14] [INFO] [controller.py:155]: [PROBE] Max feature mean divergence between splits: 0.1005
[2026-06-03 12:12:14] [INFO] [controller.py:159]: [PROBE] Validation Predictions - Min: -1.7671 | Max: 1.9506 | Mean: -0.0189
[2026-06-03 12:12:14] [INFO] [controller.py:163]: [PROBE] Top 5 Max Absolute Residual Errors: [1.56055014 1.69678309 1.74005163 1.98803284 2.36435196]
[2026-06-03 12:12:14] [INFO] [controller.py:166]: [PROBE] Validation Targets     - Min: -2.0469 | Max: 2.1719 | Mean: 0.0206
[2026-06-03 12:12:16] [INFO] [controller.py:181]: Epoch  90/400 | Train Loss: 0.002580 | Val Loss: 0.069151 | Active LR: 0.000637
[2026-06-03 12:12:16] [INFO] [controller.py:186]: [PROBE] Trimmed Validation Loss (No Outliers): 0.099284
[2026-06-03 12:12:25] [INFO] [controller.py:149]: === DIAGNOSTIC PROBE EPOCH 100 ===
[2026-06-03 12:12:25] [INFO] [controller.py:150]: [PROBE] X_train_norm shape: (1800, 27) | Mean: 0.0000 | Std: 1.0000
[2026-06-03 12:12:25] [INFO] [controller.py:151]: [PROBE] X_val_norm shape:   (600, 27) | Mean: 0.0036 | Std: 1.0002
[2026-06-03 12:12:25] [INFO] [controller.py:155]: [PROBE] Max feature mean divergence between splits: 0.1005
[2026-06-03 12:12:25] [INFO] [controller.py:159]: [PROBE] Validation Predictions - Min: -1.9139 | Max: 2.0489 | Mean: 0.0070
[2026-06-03 12:12:25] [INFO] [controller.py:163]: [PROBE] Top 5 Max Absolute Residual Errors: [1.17462264 1.28578458 1.57654759 1.8179498  2.43859589]
[2026-06-03 12:12:25] [INFO] [controller.py:166]: [PROBE] Validation Targets     - Min: -2.0469 | Max: 2.1719 | Mean: 0.0206
[2026-06-03 12:12:27] [INFO] [controller.py:181]: Epoch 100/400 | Train Loss: 0.002348 | Val Loss: 0.067631 | Active LR: 0.000606
[2026-06-03 12:12:27] [INFO] [controller.py:186]: [PROBE] Trimmed Validation Loss (No Outliers): 0.085292
[2026-06-03 12:12:36] [INFO] [controller.py:149]: === DIAGNOSTIC PROBE EPOCH 110 ===
[2026-06-03 12:12:36] [INFO] [controller.py:150]: [PROBE] X_train_norm shape: (1800, 27) | Mean: 0.0000 | Std: 1.0000
[2026-06-03 12:12:36] [INFO] [controller.py:151]: [PROBE] X_val_norm shape:   (600, 27) | Mean: 0.0036 | Std: 1.0002
[2026-06-03 12:12:36] [INFO] [controller.py:155]: [PROBE] Max feature mean divergence between splits: 0.1005
[2026-06-03 12:12:36] [INFO] [controller.py:159]: [PROBE] Validation Predictions - Min: -1.7869 | Max: 2.0419 | Mean: -0.0148
[2026-06-03 12:12:36] [INFO] [controller.py:163]: [PROBE] Top 5 Max Absolute Residual Errors: [1.219982   1.40344362 1.67396722 1.80631303 2.49601173]
[2026-06-03 12:12:36] [INFO] [controller.py:166]: [PROBE] Validation Targets     - Min: -2.0469 | Max: 2.1719 | Mean: 0.0206
[2026-06-03 12:12:38] [INFO] [controller.py:181]: Epoch 110/400 | Train Loss: 0.001907 | Val Loss: 0.066837 | Active LR: 0.000576
[2026-06-03 12:12:38] [INFO] [controller.py:186]: [PROBE] Trimmed Validation Loss (No Outliers): 0.086597
[2026-06-03 12:12:48] [INFO] [controller.py:149]: === DIAGNOSTIC PROBE EPOCH 120 ===
[2026-06-03 12:12:48] [INFO] [controller.py:150]: [PROBE] X_train_norm shape: (1800, 27) | Mean: 0.0000 | Std: 1.0000
[2026-06-03 12:12:48] [INFO] [controller.py:151]: [PROBE] X_val_norm shape:   (600, 27) | Mean: 0.0036 | Std: 1.0002
[2026-06-03 12:12:48] [INFO] [controller.py:155]: [PROBE] Max feature mean divergence between splits: 0.1005
[2026-06-03 12:12:48] [INFO] [controller.py:159]: [PROBE] Validation Predictions - Min: -1.7399 | Max: 1.9573 | Mean: -0.0346
[2026-06-03 12:12:48] [INFO] [controller.py:163]: [PROBE] Top 5 Max Absolute Residual Errors: [1.33379412 1.45927109 1.64042909 1.92422909 2.51818394]
[2026-06-03 12:12:48] [INFO] [controller.py:166]: [PROBE] Validation Targets     - Min: -2.0469 | Max: 2.1719 | Mean: 0.0206
[2026-06-03 12:12:49] [INFO] [controller.py:181]: Epoch 120/400 | Train Loss: 0.002556 | Val Loss: 0.064282 | Active LR: 0.000548
[2026-06-03 12:12:49] [INFO] [controller.py:186]: [PROBE] Trimmed Validation Loss (No Outliers): 0.092562
[2026-06-03 12:12:59] [INFO] [controller.py:149]: === DIAGNOSTIC PROBE EPOCH 130 ===
[2026-06-03 12:12:59] [INFO] [controller.py:150]: [PROBE] X_train_norm shape: (1800, 27) | Mean: 0.0000 | Std: 1.0000
[2026-06-03 12:12:59] [INFO] [controller.py:151]: [PROBE] X_val_norm shape:   (600, 27) | Mean: 0.0036 | Std: 1.0002
[2026-06-03 12:12:59] [INFO] [controller.py:155]: [PROBE] Max feature mean divergence between splits: 0.1005
[2026-06-03 12:12:59] [INFO] [controller.py:159]: [PROBE] Validation Predictions - Min: -2.1213 | Max: 2.1292 | Mean: -0.0038
[2026-06-03 12:12:59] [INFO] [controller.py:163]: [PROBE] Top 5 Max Absolute Residual Errors: [1.43025899 1.66408285 1.82140862 1.99421875 2.77961766]
[2026-06-03 12:12:59] [INFO] [controller.py:166]: [PROBE] Validation Targets     - Min: -2.0469 | Max: 2.1719 | Mean: 0.0206
[2026-06-03 12:13:01] [INFO] [controller.py:181]: Epoch 130/400 | Train Loss: 0.002274 | Val Loss: 0.065656 | Active LR: 0.000521
[2026-06-03 12:13:01] [INFO] [controller.py:186]: [PROBE] Trimmed Validation Loss (No Outliers): 0.082619
[2026-06-03 12:13:13] [INFO] [controller.py:197]: [Early Stopping] Validation divergence detected. Loss has failed to improve for 40 sequential epochs.
[2026-06-03 12:13:13] [INFO] [controller.py:198]: [Early Stopping] Halting optimization process at epoch 139. Restoring best checkpoint parameters (Val Loss: 0.062028).
[2026-06-03 12:13:13] [INFO] [controller.py:203]: [Model Controller] Training sequence completed. Triggering data serialization...
[2026-06-03 12:13:13] [INFO] [controller.py:210]: [Model Controller] Cold-start / Tuning detected. Skipping disk write.
[2026-06-03 12:13:13] [INFO] [run_pipeline.py:36]: Dispatching data metrics to diagnostics manager...
