[2026-06-03 12:57:17] [INFO] [logger.py:56]: Global pipeline logging initialized. Writing logs to: diagnostics_output\pipeline_run_20260603_125717.log
[2026-06-03 12:57:17] [INFO] [run_pipeline.py:73]: Loading framework raw pipeline splits...
[2026-06-03 12:57:17] [INFO] [run_pipeline.py:87]: [Preprocessing] Applying Multivariable Fourier Feature Expansion (Frequencies: 4)...
[2026-06-03 12:57:17] [INFO] [run_pipeline.py:104]: ==================================================
[2026-06-03 12:57:17] [INFO] [run_pipeline.py:105]:           DATASTREAM TARGET MATRIX PROFILE
[2026-06-03 12:57:17] [INFO] [run_pipeline.py:106]: ==================================================
[2026-06-03 12:57:17] [INFO] [run_pipeline.py:107]: Unique target element footprint: [-1.56613084 -1.55798407 -1.52912611 ...  2.61237147  2.63606704
  2.71496465]
[2026-06-03 12:57:17] [INFO] [run_pipeline.py:108]: Target underlying array data type: float64
[2026-06-03 12:57:17] [INFO] [run_pipeline.py:109]: Target structural matrix shape  : (3600, 1)
[2026-06-03 12:57:17] [INFO] [run_pipeline.py:110]: ==================================================
[2026-06-03 12:57:17] [INFO] [run_pipeline.py:113]: ==================================================
[2026-06-03 12:57:17] [INFO] [run_pipeline.py:114]:           INPUT FEATURE SCALE PROFILE
[2026-06-03 12:57:17] [INFO] [run_pipeline.py:115]: ==================================================
[2026-06-03 12:57:17] [INFO] [run_pipeline.py:116]: X_train Min bounds: [ 0.00119946  0.50200433  0.00422306 -0.75632904  0.48118354 -0.99999999
 -0.99999989 -0.80093755 -0.99999999 -0.99999833 -0.99999992 -0.99999935
 -0.99999887 -0.99999993 -0.99999994 -0.99999999 -0.99999993 -0.99999999
 -0.99999961 -0.99999977 -0.99999741 -0.99999988 -1.         -0.9999992
 -0.99999997 -0.99999972 -0.99999994]
[2026-06-03 12:57:17] [INFO] [run_pipeline.py:117]: X_train Max bounds: [3.99927597 2.49965576 6.28128581 0.99999972 0.99999998 0.99999998
 0.99999928 0.87661987 0.9999982  0.9999999  0.99999994 0.99999533
 0.99999955 0.5369248  0.99999996 0.99999821 0.99999933 0.99999997
 0.99999821 0.99999971 0.99999982 0.99999999 0.99999986 0.99999813
 0.99999844 0.99999908 0.99999929]
[2026-06-03 12:57:17] [INFO] [run_pipeline.py:118]: X_train Mean vector: [ 2.00399309e+00  1.48823539e+00  3.18169551e+00  4.14087748e-01
  8.35407283e-01 -1.35027748e-02 -1.93733294e-01  6.99115927e-02
 -1.18153190e-02  1.37561061e-01  7.79217836e-02 -4.89323463e-03
  1.20871928e-01 -4.37235558e-01 -1.48760536e-03  1.24863546e-01
  5.47630072e-02 -1.39647047e-02 -1.22341323e-02 -2.02468887e-01
 -2.41132573e-02  1.33058212e-02 -5.67984283e-02 -1.08370234e-03
  3.73858042e-03  9.84646223e-02 -1.13055708e-02]
[2026-06-03 12:57:17] [INFO] [run_pipeline.py:119]: ==================================================
[2026-06-03 12:57:17] [INFO] [controller.py:65]: [Model Controller] Cold start execution path selected. Computing network topology layers...
[2026-06-03 12:57:17] [INFO] [controller.py:87]: [Model Controller] Resolved Layer Architecture Sequence: (27, 128, 128, 64, 1)
[2026-06-03 12:57:17] [INFO] [model_factory.py:47]: [Factory] Initializing model block structure 'regression' via dynamic registry pass.
[2026-06-03 12:57:17] [INFO] [controller.py:138]: [Model Controller] Patched Adam state: Tracking vectors cleared for new execution pass.
[2026-06-03 12:57:17] [INFO] [controller.py:140]: [Model Controller] Running optimization loops for 400 epochs...
[2026-06-03 12:57:17] [INFO] [base_network.py:128]: [ENGINE TRACE] Hidden Input Shape: (64, 27) | Max: 2.0482 | Min: -2.3165 | Mean: -0.0385
[2026-06-03 12:57:17] [INFO] [base_network.py:144]: [ENGINE TRACE] Layer 0 Pre-Activation (z) -> Max: 2.0976 | Min: -2.0900 | Mean: -0.0070
[2026-06-03 12:57:17] [INFO] [base_network.py:145]: [ENGINE TRACE] Layer 0 Post-Activation (a) -> Max: 2.0976 | Min: -0.0209 | Mean: 0.2297
[2026-06-03 12:57:17] [INFO] [base_network.py:144]: [ENGINE TRACE] Layer 1 Pre-Activation (z) -> Max: 1.8443 | Min: -1.5746 | Mean: -0.0084
[2026-06-03 12:57:17] [INFO] [base_network.py:145]: [ENGINE TRACE] Layer 1 Post-Activation (a) -> Max: 1.8443 | Min: -0.0157 | Mean: 0.1647
[2026-06-03 12:57:17] [INFO] [base_network.py:144]: [ENGINE TRACE] Layer 2 Pre-Activation (z) -> Max: 1.3373 | Min: -1.3520 | Mean: 0.0073
[2026-06-03 12:57:17] [INFO] [base_network.py:145]: [ENGINE TRACE] Layer 2 Post-Activation (a) -> Max: 1.3373 | Min: -0.0135 | Mean: 0.1478
[2026-06-03 12:57:17] [INFO] [base_network.py:166]: [ENGINE TRACE] Final Out Pre-Activation (z_out) Shape: (64, 1) | Max: 0.1291 | Min: -0.6283
[2026-06-03 12:57:17] [INFO] [base_network.py:167]: [ENGINE TRACE] Final Out Activation Layer (output) Shape: (64, 1) | Max: 0.1291 | Min: -0.6283 | Mean: -0.2620
[2026-06-03 12:57:17] [INFO] [optimizers.py:29]: [OPTIMIZER TRACE] Running Adam setup allocation pass...
[2026-06-03 12:57:17] [INFO] [optimizers.py:30]: [OPTIMIZER TRACE] Gammas parameter passed to setup: <class 'NoneType'> | Betas: <class 'NoneType'>
[2026-06-03 12:57:17] [INFO] [optimizers.py:58]: ============================================================
[2026-06-03 12:57:17] [INFO] [optimizers.py:59]:    OPTIMIZER STEP 1 CONSOLE TELEMETRY
[2026-06-03 12:57:17] [INFO] [optimizers.py:60]: ============================================================
[2026-06-03 12:57:17] [INFO] [optimizers.py:61]: [OPTIMIZER TRACE] Active Learning Rate: 0.001000 | L2 Regularization Parameter: 0.00025
[2026-06-03 12:57:17] [INFO] [optimizers.py:62]: [OPTIMIZER TRACE] Incoming Core Weights Layers Count: 4
[2026-06-03 12:57:17] [INFO] [optimizers.py:63]: [OPTIMIZER TRACE] Incoming Gammas: <class 'NoneType'> | Grad Gammas: <class 'NoneType'>
[2026-06-03 12:57:17] [INFO] [optimizers.py:64]: [OPTIMIZER TRACE] Incoming Betas: <class 'NoneType'> | Grad Betas: <class 'NoneType'>
[2026-06-03 12:57:17] [INFO] [optimizers.py:89]: [OPTIMIZER TRACE] Layer 0 Input Grad Weights Norm: 0.542203 | Grad Biases Norm: 0.127977
[2026-06-03 12:57:17] [INFO] [optimizers.py:90]: [OPTIMIZER TRACE] Layer 0 Computed Adam Step Weight Norm: 0.058787 | Step Bias Norm: 0.011314
[2026-06-03 12:57:17] [INFO] [optimizers.py:89]: [OPTIMIZER TRACE] Layer 1 Input Grad Weights Norm: 0.763385 | Grad Biases Norm: 0.180910
[2026-06-03 12:57:17] [INFO] [optimizers.py:90]: [OPTIMIZER TRACE] Layer 1 Computed Adam Step Weight Norm: 0.127992 | Step Bias Norm: 0.011314
[2026-06-03 12:57:17] [INFO] [optimizers.py:89]: [OPTIMIZER TRACE] Layer 2 Input Grad Weights Norm: 0.873065 | Grad Biases Norm: 0.295664
[2026-06-03 12:57:17] [INFO] [optimizers.py:90]: [OPTIMIZER TRACE] Layer 2 Computed Adam Step Weight Norm: 0.090501 | Step Bias Norm: 0.008000
[2026-06-03 12:57:17] [INFO] [optimizers.py:89]: [OPTIMIZER TRACE] Layer 3 Input Grad Weights Norm: 0.634494 | Grad Biases Norm: 0.321600
[2026-06-03 12:57:17] [INFO] [optimizers.py:90]: [OPTIMIZER TRACE] Layer 3 Computed Adam Step Weight Norm: 0.008000 | Step Bias Norm: 0.001000
[2026-06-03 12:57:17] [INFO] [optimizers.py:113]: [OPTIMIZER TRACE] Gamma block skipped. (Either gammas or grad_gammas is None)
[2026-06-03 12:57:17] [INFO] [optimizers.py:131]: [OPTIMIZER TRACE] Beta block skipped. (Either betas or grad_betas is None)
[2026-06-03 12:57:17] [INFO] [optimizers.py:132]: ============================================================
[2026-06-03 12:57:18] [INFO] [controller.py:187]: Epoch   0/400 | Train Loss: 0.142760 | Val Loss: 0.143078 | Active LR: 0.001000
[2026-06-03 12:57:21] [INFO] [controller.py:187]: Epoch  10/400 | Train Loss: 0.051674 | Val Loss: 0.082924 | Active LR: 0.000951
[2026-06-03 12:57:25] [INFO] [controller.py:187]: Epoch  20/400 | Train Loss: 0.035926 | Val Loss: 0.074349 | Active LR: 0.000905
[2026-06-03 12:57:28] [INFO] [controller.py:187]: Epoch  30/400 | Train Loss: 0.028443 | Val Loss: 0.074902 | Active LR: 0.000860
[2026-06-03 12:57:31] [INFO] [controller.py:187]: Epoch  40/400 | Train Loss: 0.024022 | Val Loss: 0.074862 | Active LR: 0.000818
[2026-06-03 12:57:34] [INFO] [controller.py:187]: Epoch  50/400 | Train Loss: 0.016814 | Val Loss: 0.072335 | Active LR: 0.000778
[2026-06-03 12:57:37] [INFO] [controller.py:187]: Epoch  60/400 | Train Loss: 0.014917 | Val Loss: 0.070654 | Active LR: 0.000740
[2026-06-03 12:57:40] [INFO] [controller.py:187]: Epoch  70/400 | Train Loss: 0.012372 | Val Loss: 0.071479 | Active LR: 0.000704
[2026-06-03 12:57:43] [INFO] [controller.py:187]: Epoch  80/400 | Train Loss: 0.009823 | Val Loss: 0.069017 | Active LR: 0.000670
[2026-06-03 12:57:46] [INFO] [controller.py:187]: Epoch  90/400 | Train Loss: 0.008681 | Val Loss: 0.071728 | Active LR: 0.000637
[2026-06-03 12:57:49] [INFO] [controller.py:187]: Epoch 100/400 | Train Loss: 0.007832 | Val Loss: 0.069343 | Active LR: 0.000606
[2026-06-03 12:57:52] [INFO] [controller.py:187]: Epoch 110/400 | Train Loss: 0.007227 | Val Loss: 0.069267 | Active LR: 0.000576
[2026-06-03 12:57:55] [INFO] [controller.py:187]: Epoch 120/400 | Train Loss: 0.006653 | Val Loss: 0.069767 | Active LR: 0.000548
[2026-06-03 12:57:58] [INFO] [controller.py:187]: Epoch 130/400 | Train Loss: 0.005406 | Val Loss: 0.069754 | Active LR: 0.000521
[2026-06-03 12:58:01] [INFO] [controller.py:187]: Epoch 140/400 | Train Loss: 0.004894 | Val Loss: 0.070398 | Active LR: 0.000496
[2026-06-03 12:58:05] [INFO] [controller.py:187]: Epoch 150/400 | Train Loss: 0.005215 | Val Loss: 0.069800 | Active LR: 0.000471
[2026-06-03 12:58:08] [INFO] [controller.py:187]: Epoch 160/400 | Train Loss: 0.004680 | Val Loss: 0.070273 | Active LR: 0.000448
[2026-06-03 12:58:11] [INFO] [controller.py:187]: Epoch 170/400 | Train Loss: 0.004383 | Val Loss: 0.070115 | Active LR: 0.000427
[2026-06-03 12:58:14] [INFO] [controller.py:187]: Epoch 180/400 | Train Loss: 0.003845 | Val Loss: 0.071496 | Active LR: 0.000406
[2026-06-03 12:58:16] [INFO] [controller.py:187]: Epoch 190/400 | Train Loss: 0.004223 | Val Loss: 0.071424 | Active LR: 0.000386
[2026-06-03 12:58:19] [INFO] [controller.py:187]: Epoch 200/400 | Train Loss: 0.004005 | Val Loss: 0.071437 | Active LR: 0.000367
[2026-06-03 12:58:22] [INFO] [controller.py:187]: Epoch 210/400 | Train Loss: 0.003326 | Val Loss: 0.070675 | Active LR: 0.000349
[2026-06-03 12:58:24] [INFO] [controller.py:187]: Epoch 220/400 | Train Loss: 0.003205 | Val Loss: 0.070634 | Active LR: 0.000332
[2026-06-03 12:58:27] [INFO] [controller.py:187]: Epoch 230/400 | Train Loss: 0.002989 | Val Loss: 0.070701 | Active LR: 0.000316
